Archive member included because of file (symbol)

C:/SaturnOrbit/SGL_302j/lib_coff\libsgl.a(sglA21.o)
                              main.o (slPushMatrix)
C:/SaturnOrbit/SGL_302j/lib_coff\libsgl.a(sglA27.o)
                              main.o (slTranslate)
C:/SaturnOrbit/SGL_302j/lib_coff\libsgl.a(sglA19.o)
                              main.o (slRotX)
C:/SaturnOrbit/SGL_302j/lib_coff\libsgl.a(sglA18.o)
                              main.o (slRotY)
C:/SaturnOrbit/SGL_302j/lib_coff\libsgl.a(sglA17.o)
                              main.o (slRotZ)
C:/SaturnOrbit/SGL_302j/lib_coff\libsgl.a(sglC08.o)
                              main.o (slPutPolygon)
C:/SaturnOrbit/SGL_302j/lib_coff\libsgl.a(sglA28.o)
                              main.o (slScale)
C:/SaturnOrbit/SGL_302j/lib_coff\libsgl.a(sglF00.o)
                              main.o (slLocate)
C:/SaturnOrbit/SGL_302j/lib_coff\libsgl.a(sglF05.o)
                              main.o (slPrint)
C:/SaturnOrbit/SGL_302j/lib_coff\libsgl.a(sglH00.o)
                              main.o (Smpc_Peripheral)
C:/SaturnOrbit/SGL_302j/lib_coff\libsgl.a(sglI01.o)
                              main.o (slSynch)
C:/SaturnOrbit/SGL_302j/lib_coff\libsgl.a(sglIc0.o)
                              main.o (slInitSystem)
C:/SaturnOrbit/SGL_302j/lib_coff\libsgl.a(sglB001.o)
                              main.o (slTVOn)
C:/SaturnOrbit/SGL_302j/lib_coff\libsgl.a(sglD00.o)
                              main.o (slDMACopy)
C:/SaturnOrbit/SGL_302j/lib_coff\libsgl.a(sglB002.o)
                              main.o (slColRAMMode)
C:/SaturnOrbit/SGL_302j/lib_coff\libsgl.a(sglB016.o)
                              main.o (slBack1ColSet)
C:/SaturnOrbit/SGL_302j/lib_coff\libsgl.a(sglB071.o)
                              main.o (slScrPosNbg1)
C:/SaturnOrbit/SGL_302j/lib_coff\libsgl.a(sglB015.o)
                              main.o (slScrAutoDisp)
C:/SaturnOrbit/SGL_302j/lib_coff\libsgl.a(sglA01.o)
                              C:/SaturnOrbit/SGL_302j/lib_coff\libsgl.a(sglA19.o) (GetSinCos)
C:/SaturnOrbit/SGL_302j/lib_coff\libsgl.a(sglJ02.o)
                              C:/SaturnOrbit/SGL_302j/lib_coff\libsgl.a(sglC08.o) (SetTexture)
C:/SaturnOrbit/SGL_302j/lib_coff\libsgl.a(sglM01.o)
                              C:/SaturnOrbit/SGL_302j/lib_coff\libsgl.a(sglC08.o) (DepthWorkArea)
C:/SaturnOrbit/SGL_302j/lib_coff\libsgl.a(sglH02.o)
                              C:/SaturnOrbit/SGL_302j/lib_coff\libsgl.a(sglH00.o) (smpc_pfr_tbl)
C:/SaturnOrbit/SGL_302j/lib_coff\libsgl.a(sglH04.o)
                              C:/SaturnOrbit/SGL_302j/lib_coff\libsgl.a(sglH00.o) (slComPrmIntBack)
C:/SaturnOrbit/SGL_302j/lib_coff\libsgl.a(sglA00.o)
                              C:/SaturnOrbit/SGL_302j/lib_coff\libsgl.a(sglIc0.o) (_builtin_set_imask)
C:/SaturnOrbit/SGL_302j/lib_coff\libsgl.a(sglK01.o)
                              C:/SaturnOrbit/SGL_302j/lib_coff\libsgl.a(sglIc0.o) (SynchCount)
C:/SaturnOrbit/SGL_302j/lib_coff\libsgl.a(sglJ00.o)
                              C:/SaturnOrbit/SGL_302j/lib_coff\libsgl.a(sglIc0.o) (InitSlaveSH)
C:/SaturnOrbit/SGL_302j/lib_coff\libsgl.a(sglA20.o)
                              C:/SaturnOrbit/SGL_302j/lib_coff\libsgl.a(sglIc0.o) (slInitMatrix)
C:/SaturnOrbit/SGL_302j/lib_coff\libsgl.a(sglB000.o)
                              C:/SaturnOrbit/SGL_302j/lib_coff\libsgl.a(sglIc0.o) (slInitScroll)
C:/SaturnOrbit/SGL_302j/lib_coff\libsgl.a(sglJ01.o)
                              C:/SaturnOrbit/SGL_302j/lib_coff\libsgl.a(sglIc0.o) (SlaveControl)
C:/SaturnOrbit/SGL_302j/lib_coff\libsgl.a(sglI00.o)
                              C:/SaturnOrbit/SGL_302j/lib_coff\libsgl.a(sglIc0.o) (slInitInterrupt)
C:/SaturnOrbit/SGL_302j/lib_coff\libsgl.a(sglC00.o)
                              C:/SaturnOrbit/SGL_302j/lib_coff\libsgl.a(sglIc0.o) (slInitSprite)
C:/SaturnOrbit/SGL_302j/lib_coff\libsgl.a(sglJ03.o)
                              C:/SaturnOrbit/SGL_302j/lib_coff\libsgl.a(sglJ01.o) (sbMakeDMATable)
C:/SaturnOrbit/SGL_302j/lib_coff\libsgl.a(sglJ04.o)
                              C:/SaturnOrbit/SGL_302j/lib_coff\libsgl.a(sglJ01.o) (sbMakeSprite)
C:/SaturnOrbit/SGL_302j/lib_coff\libsgl.a(sglJ05.o)
                              C:/SaturnOrbit/SGL_302j/lib_coff\libsgl.a(sglJ01.o) (sbSortEntry)
C:/SaturnOrbit/SGL_302j/lib_coff\libsgl.a(sglH03.o)
                              C:/SaturnOrbit/SGL_302j/lib_coff\libsgl.a(sglI00.o) (slSmpcIntBack)
C:/Saturn~1/SH_COFF/sh-coff/bin/../lib/gcc/sh-coff/3.4-GNUSH_v0501/m2\libgcc.a(_si_to_df.o)
                              main.o (__floatsidf)
C:/Saturn~1/SH_COFF/sh-coff/bin/../lib/gcc/sh-coff/3.4-GNUSH_v0501/m2\libgcc.a(_mul_df.o)
                              main.o (__muldf3)
C:/Saturn~1/SH_COFF/sh-coff/bin/../lib/gcc/sh-coff/3.4-GNUSH_v0501/m2\libgcc.a(_div_df.o)
                              main.o (__divdf3)
C:/Saturn~1/SH_COFF/sh-coff/bin/../lib/gcc/sh-coff/3.4-GNUSH_v0501/m2\libgcc.a(_df_to_si.o)
                              main.o (__fixdfsi)
C:/Saturn~1/SH_COFF/sh-coff/bin/../lib/gcc/sh-coff/3.4-GNUSH_v0501/m2\libgcc.a(_ashiftrt.o)
                              main.o (__ashiftrt_r4_8)
C:/Saturn~1/SH_COFF/sh-coff/bin/../lib/gcc/sh-coff/3.4-GNUSH_v0501/m2\libgcc.a(_ashiftrt_n.o)
                              main.o (__ashrsi3)
C:/Saturn~1/SH_COFF/sh-coff/bin/../lib/gcc/sh-coff/3.4-GNUSH_v0501/m2\libgcc.a(__main.o)
                              main.o (__main)
C:/Saturn~1/SH_COFF/sh-coff/bin/../lib/gcc/sh-coff/3.4-GNUSH_v0501/m2\libgcc.a(_pack_df.o)
                              C:/Saturn~1/SH_COFF/sh-coff/bin/../lib/gcc/sh-coff/3.4-GNUSH_v0501/m2\libgcc.a(_si_to_df.o) (__pack_d)
C:/Saturn~1/SH_COFF/sh-coff/bin/../lib/gcc/sh-coff/3.4-GNUSH_v0501/m2\libgcc.a(_unpack_df.o)
                              C:/Saturn~1/SH_COFF/sh-coff/bin/../lib/gcc/sh-coff/3.4-GNUSH_v0501/m2\libgcc.a(_mul_df.o) (__unpack_d)
C:/Saturn~1/SH_COFF/sh-coff/bin/../lib/gcc/sh-coff/3.4-GNUSH_v0501/m2\libgcc.a(_thenan_df.o)
                              C:/Saturn~1/SH_COFF/sh-coff/bin/../lib/gcc/sh-coff/3.4-GNUSH_v0501/m2\libgcc.a(_mul_df.o) (__thenan_df)
C:/Saturn~1/SH_COFF/sh-coff/bin/../lib/gcc/sh-coff/3.4-GNUSH_v0501/m2\libgcc.a(_lshrdi3.o)
                              C:/Saturn~1/SH_COFF/sh-coff/bin/../lib/gcc/sh-coff/3.4-GNUSH_v0501/m2\libgcc.a(_df_to_si.o) (__lshrdi3)
C:/Saturn~1/SH_COFF/sh-coff/bin/../lib/gcc/sh-coff/3.4-GNUSH_v0501/m2\libgcc.a(_ashldi3.o)
                              C:/Saturn~1/SH_COFF/sh-coff/bin/../lib/gcc/sh-coff/3.4-GNUSH_v0501/m2\libgcc.a(_pack_df.o) (__ashldi3)
C:/Saturn~1/SH_COFF/sh-coff/bin/../lib/gcc/sh-coff/3.4-GNUSH_v0501/m2\libgcc.a(_ashiftlt.o)
                              C:/Saturn~1/SH_COFF/sh-coff/bin/../lib/gcc/sh-coff/3.4-GNUSH_v0501/m2\libgcc.a(_lshrdi3.o) (__ashlsi3)
C:/Saturn~1/SH_COFF/sh-coff/bin/../lib/gcc/sh-coff/3.4-GNUSH_v0501/m2\libgcc.a(_lshiftrt.o)
                              C:/Saturn~1/SH_COFF/sh-coff/bin/../lib/gcc/sh-coff/3.4-GNUSH_v0501/m2\libgcc.a(_lshrdi3.o) (__lshrsi3)
C:/Saturn~1/SH_COFF/sh-coff/bin/../lib/gcc/sh-coff/3.4-GNUSH_v0501/../../../../sh-coff/lib/m2\libc.a(atexit.o)
                              C:/Saturn~1/SH_COFF/sh-coff/bin/../lib/gcc/sh-coff/3.4-GNUSH_v0501/m2\libgcc.a(__main.o) (atexit)
C:/Saturn~1/SH_COFF/sh-coff/bin/../lib/gcc/sh-coff/3.4-GNUSH_v0501/../../../../sh-coff/lib/m2\libc.a(impure.o)
                              C:/Saturn~1/SH_COFF/sh-coff/bin/../lib/gcc/sh-coff/3.4-GNUSH_v0501/../../../../sh-coff/lib/m2\libc.a(atexit.o) (_impure_ptr)
C:/Saturn~1/SH_COFF/sh-coff/bin/../lib/gcc/sh-coff/3.4-GNUSH_v0501/../../../../sh-coff/lib/m2\libc.a(malloc.o)
                              C:/Saturn~1/SH_COFF/sh-coff/bin/../lib/gcc/sh-coff/3.4-GNUSH_v0501/../../../../sh-coff/lib/m2\libc.a(atexit.o) (malloc)
C:/Saturn~1/SH_COFF/sh-coff/bin/../lib/gcc/sh-coff/3.4-GNUSH_v0501/../../../../sh-coff/lib/m2\libc.a(mallocr.o)
                              C:/Saturn~1/SH_COFF/sh-coff/bin/../lib/gcc/sh-coff/3.4-GNUSH_v0501/../../../../sh-coff/lib/m2\libc.a(malloc.o) (_malloc_r)
C:/Saturn~1/SH_COFF/sh-coff/bin/../lib/gcc/sh-coff/3.4-GNUSH_v0501/../../../../sh-coff/lib/m2\libc.a(freer.o)
                              C:/Saturn~1/SH_COFF/sh-coff/bin/../lib/gcc/sh-coff/3.4-GNUSH_v0501/../../../../sh-coff/lib/m2\libc.a(malloc.o) (_free_r)
C:/Saturn~1/SH_COFF/sh-coff/bin/../lib/gcc/sh-coff/3.4-GNUSH_v0501/../../../../sh-coff/lib/m2\libc.a(mlock.o)
                              C:/Saturn~1/SH_COFF/sh-coff/bin/../lib/gcc/sh-coff/3.4-GNUSH_v0501/../../../../sh-coff/lib/m2\libc.a(mallocr.o) (__malloc_lock)
C:/Saturn~1/SH_COFF/sh-coff/bin/../lib/gcc/sh-coff/3.4-GNUSH_v0501/../../../../sh-coff/lib/m2\libc.a(sbrkr.o)
                              C:/Saturn~1/SH_COFF/sh-coff/bin/../lib/gcc/sh-coff/3.4-GNUSH_v0501/../../../../sh-coff/lib/m2\libc.a(mallocr.o) (_sbrk_r)
C:/Saturn~1/SH_COFF/sh-coff/bin/../lib/gcc/sh-coff/3.4-GNUSH_v0501/../../../../sh-coff/lib/m2\libc.a(syscalls.o)
                              C:/Saturn~1/SH_COFF/sh-coff/bin/../lib/gcc/sh-coff/3.4-GNUSH_v0501/../../../../sh-coff/lib/m2\libc.a(sbrkr.o) (_sbrk)
C:/Saturn~1/SH_COFF/sh-coff/bin/../lib/gcc/sh-coff/3.4-GNUSH_v0501/../../../../sh-coff/lib/m2\libc.a(trap.o)
                              C:/Saturn~1/SH_COFF/sh-coff/bin/../lib/gcc/sh-coff/3.4-GNUSH_v0501/../../../../sh-coff/lib/m2\libc.a(syscalls.o) (__trap34)
C:/Saturn~1/SH_COFF/sh-coff/bin/../lib/gcc/sh-coff/3.4-GNUSH_v0501/../../../../sh-coff/lib/m2\libc.a(abort.o)
                              C:/Saturn~1/SH_COFF/sh-coff/bin/../lib/gcc/sh-coff/3.4-GNUSH_v0501/../../../../sh-coff/lib/m2\libc.a(syscalls.o) (abort)
C:/Saturn~1/SH_COFF/sh-coff/bin/../lib/gcc/sh-coff/3.4-GNUSH_v0501/../../../../sh-coff/lib/m2\libc.a(signal.o)
                              C:/Saturn~1/SH_COFF/sh-coff/bin/../lib/gcc/sh-coff/3.4-GNUSH_v0501/../../../../sh-coff/lib/m2\libc.a(abort.o) (raise)
C:/Saturn~1/SH_COFF/sh-coff/bin/../lib/gcc/sh-coff/3.4-GNUSH_v0501/../../../../sh-coff/lib/m2\libc.a(signalr.o)
                              C:/Saturn~1/SH_COFF/sh-coff/bin/../lib/gcc/sh-coff/3.4-GNUSH_v0501/../../../../sh-coff/lib/m2\libc.a(signal.o) (_kill_r)
C:/Saturn~1/SH_COFF/sh-coff/bin/../lib/gcc/sh-coff/3.4-GNUSH_v0501/m2\libgcc.a(_udivsi3.o)
                              C:/Saturn~1/SH_COFF/sh-coff/bin/../lib/gcc/sh-coff/3.4-GNUSH_v0501/../../../../sh-coff/lib/m2\libc.a(freer.o) (__udivsi3)

Allocating common symbols
Common symbol       size              file

errno               0x4               C:/Saturn~1/SH_COFF/sh-coff/bin/../lib/gcc/sh-coff/3.4-GNUSH_v0501/../../../../sh-coff/lib/m2\libc.a(syscalls.o)

Memory Configuration

Name             Origin             Length             Attributes
*default*        0x00000000         0xffffffff

Linker script and memory map

TARGET(coff-sh)

SLSTART         0x06004000       0x30
                0x06004000                ___Start = .
 *(SLSTART)
 SLSTART        0x06004000       0x28 C:/SaturnOrbit/SGL_302j/lib_coff\libsgl.a(sglI00.o)
                0x06004002                slStartSGL
                0x06004000                SGL_Start

.text           0x06004040     0x2830
 *(.text)
 .text          0x06004040      0x5b0 main.o
                0x060044a0                ss_main
                0x06004200                GAME_IntroScreen
                0x06004040                INTRO_DrawLogo
                0x060042e0                TEXT_ClearLayer
                0x06004370                GAME_Begin
                0x06004100                INTRO_DrawHeart
                0x060045a0                main
 .text          0x060045f0       0x10 sprite.o
 .text          0x06004600      0x128 C:/SaturnOrbit/SGL_302j/lib_coff\libsgl.a(sglIc0.o)
                0x06004600                slInitSystem
 *fill*         0x06004728        0x8 00
 .text          0x06004730      0x110 C:/Saturn~1/SH_COFF/sh-coff/bin/../lib/gcc/sh-coff/3.4-GNUSH_v0501/m2\libgcc.a(_si_to_df.o)
                0x06004740                __floatsidf
 .text          0x06004840      0x2c0 C:/Saturn~1/SH_COFF/sh-coff/bin/../lib/gcc/sh-coff/3.4-GNUSH_v0501/m2\libgcc.a(_mul_df.o)
                0x06004860                __muldf3
 .text          0x06004b00      0x180 C:/Saturn~1/SH_COFF/sh-coff/bin/../lib/gcc/sh-coff/3.4-GNUSH_v0501/m2\libgcc.a(_div_df.o)
                0x06004b10                __divdf3
 .text          0x06004c80       0x90 C:/Saturn~1/SH_COFF/sh-coff/bin/../lib/gcc/sh-coff/3.4-GNUSH_v0501/m2\libgcc.a(_df_to_si.o)
                0x06004c80                __fixdfsi
 .text          0x06004d10       0x60 C:/Saturn~1/SH_COFF/sh-coff/bin/../lib/gcc/sh-coff/3.4-GNUSH_v0501/m2\libgcc.a(_ashiftrt.o)
                0x06004d1c                __ashiftrt_r4_27
                0x06004d50                __ashiftrt_r4_6
                0x06004d40                __ashiftrt_r4_14
                0x06004d32                __ashiftrt_r4_19
                0x06004d4a                __ashiftrt_r4_9
                0x06004d5e                __ashiftrt_r4_0
                0x06004d10                __ashiftrt_r4_31
                0x06004d1e                __ashiftrt_r4_26
                0x06004d2c                __ashiftrt_r4_22
                0x06004d38                __ashiftrt_r4_16
                0x06004d44                __ashiftrt_r4_12
                0x06004d18                __ashiftrt_r4_29
                0x06004d36                __ashiftrt_r4_17
                0x06004d16                __ashiftrt_r4_30
                0x06004d52                __ashiftrt_r4_5
                0x06004d4c                __ashiftrt_r4_8
                0x06004d10                __ashiftrt_r4_32
                0x06004d20                __ashiftrt_r4_25
                0x06004d58                __ashiftrt_r4_2
                0x06004d22                __ashiftrt_r4_24
                0x06004d3e                __ashiftrt_r4_15
                0x06004d48                __ashiftrt_r4_10
                0x06004d5a                __ashiftrt_r4_1
                0x06004d1a                __ashiftrt_r4_28
                0x06004d30                __ashiftrt_r4_20
                0x06004d4e                __ashiftrt_r4_7
                0x06004d42                __ashiftrt_r4_13
                0x06004d46                __ashiftrt_r4_11
                0x06004d54                __ashiftrt_r4_4
                0x06004d2a                __ashiftrt_r4_23
                0x06004d34                __ashiftrt_r4_18
                0x06004d2e                __ashiftrt_r4_21
                0x06004d56                __ashiftrt_r4_3
 .text          0x06004d70       0x80 C:/Saturn~1/SH_COFF/sh-coff/bin/../lib/gcc/sh-coff/3.4-GNUSH_v0501/m2\libgcc.a(_ashiftrt_n.o)
                0x06004d70                __ashrsi3
 .text          0x06004df0       0xc0 C:/Saturn~1/SH_COFF/sh-coff/bin/../lib/gcc/sh-coff/3.4-GNUSH_v0501/m2\libgcc.a(__main.o)
                0x06004e70                __main
                0x06004df0                __do_global_dtors
                0x06004e30                __do_global_ctors
 .text          0x06004eb0      0x270 C:/Saturn~1/SH_COFF/sh-coff/bin/../lib/gcc/sh-coff/3.4-GNUSH_v0501/m2\libgcc.a(_pack_df.o)
                0x06004ed0                __pack_d
 .text          0x06005120      0x160 C:/Saturn~1/SH_COFF/sh-coff/bin/../lib/gcc/sh-coff/3.4-GNUSH_v0501/m2\libgcc.a(_unpack_df.o)
                0x06005140                __unpack_d
 .text          0x06005280       0x20 C:/Saturn~1/SH_COFF/sh-coff/bin/../lib/gcc/sh-coff/3.4-GNUSH_v0501/m2\libgcc.a(_thenan_df.o)
                0x06005280                __thenan_df
 .text          0x060052a0       0x90 C:/Saturn~1/SH_COFF/sh-coff/bin/../lib/gcc/sh-coff/3.4-GNUSH_v0501/m2\libgcc.a(_lshrdi3.o)
                0x060052a0                __lshrdi3
 .text          0x06005330       0x90 C:/Saturn~1/SH_COFF/sh-coff/bin/../lib/gcc/sh-coff/3.4-GNUSH_v0501/m2\libgcc.a(_ashldi3.o)
                0x06005330                __ashldi3
 .text          0x060053c0       0x90 C:/Saturn~1/SH_COFF/sh-coff/bin/../lib/gcc/sh-coff/3.4-GNUSH_v0501/m2\libgcc.a(_ashiftlt.o)
                0x060053c0                __ashlsi3
 .text          0x06005450       0x90 C:/Saturn~1/SH_COFF/sh-coff/bin/../lib/gcc/sh-coff/3.4-GNUSH_v0501/m2\libgcc.a(_lshiftrt.o)
                0x06005450                __lshrsi3
 .text          0x060054e0       0xa0 C:/Saturn~1/SH_COFF/sh-coff/bin/../lib/gcc/sh-coff/3.4-GNUSH_v0501/../../../../sh-coff/lib/m2\libc.a(atexit.o)
                0x060054e0                atexit
 .text          0x06005580       0x10 C:/Saturn~1/SH_COFF/sh-coff/bin/../lib/gcc/sh-coff/3.4-GNUSH_v0501/../../../../sh-coff/lib/m2\libc.a(impure.o)
                0x06005580                _global_impure_ptr
 .text          0x06005590       0x40 C:/Saturn~1/SH_COFF/sh-coff/bin/../lib/gcc/sh-coff/3.4-GNUSH_v0501/../../../../sh-coff/lib/m2\libc.a(malloc.o)
                0x060055b0                free
                0x06005590                malloc
 .text          0x060055d0      0x680 C:/Saturn~1/SH_COFF/sh-coff/bin/../lib/gcc/sh-coff/3.4-GNUSH_v0501/../../../../sh-coff/lib/m2\libc.a(mallocr.o)
                0x060055d0                _malloc_r
 .text          0x06005c50      0x3b0 C:/Saturn~1/SH_COFF/sh-coff/bin/../lib/gcc/sh-coff/3.4-GNUSH_v0501/../../../../sh-coff/lib/m2\libc.a(freer.o)
                0x06005c50                _malloc_trim_r
                0x06005d50                _free_r
 .text          0x06006000       0x20 C:/Saturn~1/SH_COFF/sh-coff/bin/../lib/gcc/sh-coff/3.4-GNUSH_v0501/../../../../sh-coff/lib/m2\libc.a(mlock.o)
                0x06006000                __malloc_lock
                0x06006010                __malloc_unlock
 .text          0x06006020       0x50 C:/Saturn~1/SH_COFF/sh-coff/bin/../lib/gcc/sh-coff/3.4-GNUSH_v0501/../../../../sh-coff/lib/m2\libc.a(sbrkr.o)
                0x06006020                _sbrk_r
 .text          0x06006070      0x430 C:/Saturn~1/SH_COFF/sh-coff/bin/../lib/gcc/sh-coff/3.4-GNUSH_v0501/../../../../sh-coff/lib/m2\libc.a(syscalls.o)
                0x06006220                _exit
                0x06006260                _getpid
                0x060062e0                _utime
                0x060060b0                _write
                0x06006070                _read
                0x06006200                _unlink
                0x060061c0                _open
                0x06006280                _stat
                0x06006210                isatty
                0x06006320                _wait
                0x06006240                _kill
                0x060062a0                _chmod
                0x06006360                _execv
                0x06006340                _execve
                0x06006460                __setup_argv_and_call_main
                0x060063b0                _gettimeofday
                0x060060f0                _link
                0x06006270                _raise
                0x060061e0                _creat
                0x06006380                _pipe
                0x060062c0                _chown
                0x06006090                _lseek
                0x060060d0                _close
                0x060063a0                _times
                0x060061a0                _fstat
                0x06006300                _fork
                0x06006120                _sbrk
 .text          0x060064a0       0x20 C:/Saturn~1/SH_COFF/sh-coff/bin/../lib/gcc/sh-coff/3.4-GNUSH_v0501/../../../../sh-coff/lib/m2\libc.a(trap.o)
                0x060064a0                __trap34
 .text          0x060064c0       0x20 C:/Saturn~1/SH_COFF/sh-coff/bin/../lib/gcc/sh-coff/3.4-GNUSH_v0501/../../../../sh-coff/lib/m2\libc.a(abort.o)
                0x060064c0                abort
 .text          0x060064e0      0x2c0 C:/Saturn~1/SH_COFF/sh-coff/bin/../lib/gcc/sh-coff/3.4-GNUSH_v0501/../../../../sh-coff/lib/m2\libc.a(signal.o)
                0x060065c0                _raise_r
                0x06006780                __sigtramp
                0x06006720                raise
                0x06006760                _init_signal
                0x060066a0                __sigtramp_r
                0x06006740                signal
                0x06006530                _signal_r
                0x060064e0                _init_signal_r
 .text          0x060067a0       0x60 C:/Saturn~1/SH_COFF/sh-coff/bin/../lib/gcc/sh-coff/3.4-GNUSH_v0501/../../../../sh-coff/lib/m2\libc.a(signalr.o)
                0x060067f0                _getpid_r
                0x060067a0                _kill_r
 .text          0x06006800       0x70 C:/Saturn~1/SH_COFF/sh-coff/bin/../lib/gcc/sh-coff/3.4-GNUSH_v0501/m2\libgcc.a(_udivsi3.o)
                0x06006822                __udivsi3
 *(.strings)
                0x06006870                __etext = .

.rodata
 *(.rodata)

SLPROG          0x06006880    0x10ff0
                0x06006880                __slprog_start = .
 *(SLPROG)
 SLPROG         0x06006880     0x6540 C:/SaturnOrbit/SGL_302j/lib_coff/sglarea.o
                0x0600689c                SpriteBuf
                0x060068c0                RemainEvent
                0x0600688c                SortList
                0x0600688a                MaxPolygons
                0x060068a8                CommandBuf
                0x060068bc                MaxWorks
                0x060068be                WorkSize
                0x060068b4                PCM_WkSize
                0x060068ac                CLOfstBuf
                0x060069c0                RemainWork
                0x060068b0                PCM_Work
                0x06006880                MasterStack
                0x06006884                SlaveStack
                0x06006888                MaxVertices
                0x060068b8                MaxEvents
                0x06006898                Zbuffer
                0x060068a0                SpriteBufSize
                0x06008dc0                WorkBuf
                0x06006894                TransList
                0x060068a4                Pbuffer
                0x06006890                SortListSize
                0x060068ba                EventSize
                0x06006dc0                EventBuf
 SLPROG         0x0600cdc0       0x48 C:/SaturnOrbit/SGL_302j/lib_coff\libsgl.a(sglA21.o)
                0x0600cdf4                slPopMatrix
                0x0600cdc0                slPushMatrix
                0x0600cdf4                slDecMatrixPtr
 *fill*         0x0600ce08        0x8 00
 SLPROG         0x0600ce10       0x50 C:/SaturnOrbit/SGL_302j/lib_coff\libsgl.a(sglA27.o)
                0x0600ce10                slTranslate
 SLPROG         0x0600ce60       0x78 C:/SaturnOrbit/SGL_302j/lib_coff\libsgl.a(sglA19.o)
                0x0600ce60                slRotX
                0x0600ce6a                slRotXSC
 *fill*         0x0600ced8        0x8 00
 SLPROG         0x0600cee0       0x78 C:/SaturnOrbit/SGL_302j/lib_coff\libsgl.a(sglA18.o)
                0x0600ceea                slRotYSC
                0x0600cee0                slRotY
 *fill*         0x0600cf58        0x8 00
 SLPROG         0x0600cf60       0x78 C:/SaturnOrbit/SGL_302j/lib_coff\libsgl.a(sglA17.o)
                0x0600cf6a                slRotZSC
                0x0600cf60                slRotZ
 *fill*         0x0600cfd8        0x8 00
 SLPROG         0x0600cfe0     0x1218 C:/SaturnOrbit/SGL_302j/lib_coff\libsgl.a(sglC08.o)
                0x0600cfe0                slPutPolygon
                0x0600dc5c                MsCalcDepthFlat
 *fill*         0x0600e1f8        0x8 00
 SLPROG         0x0600e200       0x70 C:/SaturnOrbit/SGL_302j/lib_coff\libsgl.a(sglA28.o)
                0x0600e200                slScale
 SLPROG         0x0600e270       0x4e C:/SaturnOrbit/SGL_302j/lib_coff\libsgl.a(sglF00.o)
                0x0600e28a                slLocate
                0x0600e280                slCurColor
                0x0600e2bc                CurrentScreen
                0x0600e270                slCurScrn
 *fill*         0x0600e2be        0x2 00
 SLPROG         0x0600e2c0       0x1c C:/SaturnOrbit/SGL_302j/lib_coff\libsgl.a(sglF05.o)
                0x0600e2c0                slPrint
 *fill*         0x0600e2dc        0x4 00
 SLPROG         0x0600e2e0      0xfc8 C:/SaturnOrbit/SGL_302j/lib_coff\libsgl.a(sglH00.o)
                0x0600e37c                slSetPortData1
                0x0600e36c                slGetPortData1
                0x0600eb5a                slSetPortMode1
                0x0600ed94                Smpc_Status
                0x0600e332                slSetPortDir2
                0x0600e978                slSmpcCashSend
                0x0600e398                slGetPortSelect1
                0x0600e77e                slIntBackCancel
                0x0600e430                slSetPortExt1
                0x0600eb40                slGetPortMode1
                0x0600ea34                slSmpcCashBlow
                0x0600ed24                slRequestCommand
                0x0600edc4                SmpcStatusBuf
                0x0600e386                slSetPortData2
                0x0600e6e6                slSetResultBuffer
                0x0600e41c                slGetPortExt1
                0x0600e460                slSetPortExt2
                0x0600e300                slGetPortDir2
                0x0600e426                slGetPortExt2
                0x0600e7b2                slClearReset
                0x0600e7a8                slCheckReset
                0x0600e308                slSetPortDir1
                0x0600e3e0                slSetPortSelect2
                0x0600e3ac                slSetPortSelect1
                0x0600eb4c                slGetPortMode2
                0x0600e3a2                slGetPortSelect2
                0x0600e2f8                slGetPortDir1
                0x0600e374                slGetPortData2
                0x0600eb1a                slSetOptimize
                0x0600eb10                slGetOptimize
                0x0600e5d4                slSmpcDirectAccess
                0x0600eda2                Per_Connect1
                0x0600e654                slInitPeripheral
                0x0600e772                slCheckIntBackSet
                0x0600eda3                Per_Connect2
                0x0600ed9c                Smpc_Peripheral
                0x0600eb98                slSetPortMode2
                0x0600ed98                Smpc_Result
 *fill*         0x0600f2a8        0x8 00
 SLPROG         0x0600f2b0      0x3a4 C:/SaturnOrbit/SGL_302j/lib_coff\libsgl.a(sglI01.o)
                0x0600f49a                RetPCMBuf
                0x0600f5d4                Sound_Buf
                0x0600f2b0                slInitSynch
                0x0600f3c0                slRandom
                0x0600f534                PCM_Buf
                0x0600f2ca                slSynch
                0x0600f3de                PCM_EndCheck
 *fill*         0x0600f654        0xc 00
 SLPROG         0x0600f660       0x20 C:/SaturnOrbit/SGL_302j/lib_coff\libsgl.a(sglB001.o)
                0x0600f660                slTVOn
                0x0600f66a                slTVOff
 SLPROG         0x0600f680       0x84 C:/SaturnOrbit/SGL_302j/lib_coff\libsgl.a(sglD00.o)
                0x0600f680                slDMACopy
                0x0600f680                slCpuDMACopy
                0x0600f6da                slCashPurge
                0x0600f6da                CSH_AllClr
 *fill*         0x0600f704        0xc 00
 SLPROG         0x0600f710       0x1e C:/SaturnOrbit/SGL_302j/lib_coff\libsgl.a(sglB002.o)
                0x0600f710                slColRAMMode
 *fill*         0x0600f72e        0x2 00
 SLPROG         0x0600f730        0xc C:/SaturnOrbit/SGL_302j/lib_coff\libsgl.a(sglB016.o)
                0x0600f730                slBack1ColSet
 *fill*         0x0600f73c        0x4 00
 SLPROG         0x0600f740        0xc C:/SaturnOrbit/SGL_302j/lib_coff\libsgl.a(sglB071.o)
                0x0600f740                slScrPosNbg1
 *fill*         0x0600f74c        0x4 00
 SLPROG         0x0600f750      0x40c C:/SaturnOrbit/SGL_302j/lib_coff\libsgl.a(sglB015.o)
                0x0600f750                slScrAutoDisp
 *fill*         0x0600fb5c        0x4 00
 SLPROG         0x0600fb60     0x411e C:/SaturnOrbit/SGL_302j/lib_coff\libsgl.a(sglA01.o)
                0x0600fc3c                sin_cos_index_tbl
                0x0600fb60                slSin
                0x0600fc7c                sin_tbl
                0x0600fba8                GetSinCos
                0x0600fb84                slCos
 *fill*         0x06013c7e        0x2 00
 SLPROG         0x06013c80     0x12b8 C:/SaturnOrbit/SGL_302j/lib_coff\libsgl.a(sglJ02.o)
                0x06014eb4                stvtc_1
                0x06014bec                stvtc_4
                0x06014bac                SetPolygon
                0x06014ca4                stvtc_3
                0x06014edc                stvtc_0
                0x06014bb4                SetPosition
                0x06013e68                sbCalcPolygon
                0x06014ba0                SetTexture
                0x06013c80                sbMakePolygon
                0x06014ec8                stvtc_2
 *fill*         0x06014f38        0x8 00
 SLPROG         0x06014f40       0x6a C:/SaturnOrbit/SGL_302j/lib_coff\libsgl.a(sglM01.o)
                0x06014f6c                slSetDepthTbl
                0x06014f9c                DepthWorkArea
                0x06014f40                slSetDepthLimit
 *fill*         0x06014faa        0x6 00
 SLPROG         0x06014fb0      0x470 C:/SaturnOrbit/SGL_302j/lib_coff\libsgl.a(sglH02.o)
                0x060153a0                smpc_pfr_tbl
                0x060153e0                smpc_ptf_tbl
 SLPROG         0x06015420       0x60 C:/SaturnOrbit/SGL_302j/lib_coff\libsgl.a(sglH04.o)
                0x0601544a                slComPrmSetTime
                0x06015420                slComPrmIntBack
                0x06015434                slComPrmSetMemory
 SLPROG         0x06015480       0x20 C:/SaturnOrbit/SGL_302j/lib_coff\libsgl.a(sglA00.o)
                0x06015494                get_imask
                0x06015480                set_imask
                0x06015480                _builtin_set_imask
                0x06015494                _builtin_get_imask
 SLPROG         0x060154a0       0x74 C:/SaturnOrbit/SGL_302j/lib_coff\libsgl.a(sglJ00.o)
                0x060154a0                InitSlaveSH
                0x06015508                SlaveCommand
 *fill*         0x06015514        0xc 00
 SLPROG         0x06015520      0x42c C:/SaturnOrbit/SGL_302j/lib_coff\libsgl.a(sglA20.o)
                0x06015520                slInitMatrix
                0x0601553e                slUnitMatrix
                0x0601552a                slPushUnitMatrix
 *fill*         0x0601594c        0x4 00
 SLPROG         0x06015950      0xbd0 C:/SaturnOrbit/SGL_302j/lib_coff\libsgl.a(sglB000.o)
                0x06015950                slInitScroll
                0x06015bb0                TVSizeTbl
                0x06015aa0                setASC_4to8
                0x06015c30                TVModeTbl
                0x06015a70                setASC_1to8
                0x06015e08                SGL_ASCII_CG
 SLPROG         0x06016520      0x3d0 C:/SaturnOrbit/SGL_302j/lib_coff\libsgl.a(sglJ01.o)
                0x06016520                SlaveControl
                0x060168dc                ErasePolygonData
 SLPROG         0x060168f0      0x75c C:/SaturnOrbit/SGL_302j/lib_coff\libsgl.a(sglI00.o)
                0x06016be0                slInitInterrupt
 *fill*         0x0601704c        0x4 00
 SLPROG         0x06017050      0x134 C:/SaturnOrbit/SGL_302j/lib_coff\libsgl.a(sglC00.o)
                0x06017050                slInitSprite
 *fill*         0x06017184        0xc 00
 SLPROG         0x06017190      0x140 C:/SaturnOrbit/SGL_302j/lib_coff\libsgl.a(sglJ03.o)
                0x06017190                sbMakeDMATable
 SLPROG         0x060172d0      0x470 C:/SaturnOrbit/SGL_302j/lib_coff\libsgl.a(sglJ04.o)
                0x06017394                sbMakeRotSprite
                0x0601732e                sbMakeSprite
 SLPROG         0x06017740       0x3c C:/SaturnOrbit/SGL_302j/lib_coff\libsgl.a(sglJ05.o)
                0x06017740                sbSortEntry
 *fill*         0x0601777c        0x4 00
 SLPROG         0x06017780       0xf0 C:/SaturnOrbit/SGL_302j/lib_coff\libsgl.a(sglH03.o)
                0x060177e4                slSmpcIntBack
                0x06017870                __slprog_end = .

.tors           0x06017870        0x0
                0x06017870                ___ctors = .
 *(.ctors)
                0x06017870                ___ctors_end = .
                0x06017870                ___dtors = .
 *(.dtors)
                0x06017870                ___dtors_end = .

.data           0x06017870    0x2be90
 *(.data)
 .data          0x06017870       0x40 main.o
                0x06017870                attr
                0x0601787c                pos
 .data          0x060178b0    0x2a0b0 sprite.o
                0x060178b0                sprites
                0x06027960                texture_overwatch001
                0x06017920                pic_overwatch
                0x0601f960                texture_overwatch002
                0x06017960                texture_overwatch003
                0x06017940                tex_overwatch
                0x0602f960                texture_overwatch000
 .data          0x06041960     0x1590 polygon.o
                0x06041974                attribute_SPR_HEART
                0x06042550                attribute_ARROW
                0x06041a28                object_JAR
                0x06041994                point_SPR_HEART
                0x060419c4                PD_PLANE1
                0x06041980                polygon_SPR_HEART
                0x06042db0                xpdata_Model00
                0x06042890                point_ARROW
                0x060421ac                point_JAR
                0x0604250c                object_ARROW
                0x06041d24                polygon_JAR
                0x06042b14                polygon_Heart
                0x06042e88                point_Model00
                0x06042e10                polygon_Model00
                0x060419d8                attribute_PLANE1
                0x06042538                xpdata_ARROW
                0x06042d84                object_Model00
                0x060419f8                point_PLANE1
                0x060419e4                polygon_PLANE1
                0x06042688                polygon_ARROW
                0x06041a6c                attribute_JAR
                0x06042a24                xpdata_Heart
                0x06042a3c                attribute_Heart
                0x060429f8                object_Heart
                0x06042c7c                point_Heart
                0x06042dc8                attribute_Model00
                0x06041960                PD_SPR_HEART
                0x06041a54                xpdata_JAR
 .data          0x06042ef0       0x80 C:/SaturnOrbit/SGL_302j/lib_coff\libsgl.a(sglIc0.o)
                0x06042ef0                IntPrioMask
 .data          0x06042f70      0x380 C:/Saturn~1/SH_COFF/sh-coff/bin/../lib/gcc/sh-coff/3.4-GNUSH_v0501/../../../../sh-coff/lib/m2\libc.a(impure.o)
                0x060432ec                _impure_ptr
 .data          0x060432f0      0x410 C:/Saturn~1/SH_COFF/sh-coff/bin/../lib/gcc/sh-coff/3.4-GNUSH_v0501/../../../../sh-coff/lib/m2\libc.a(mallocr.o)
                0x060432f8                __malloc_av_
                0x060432f4                __malloc_trim_threshold
                0x060432f0                __malloc_sbrk_base
                0x06043700                __edata = .

.bss            0x06043700      0x154
                0x06043700                __bstart = .
 *(.bss)
 .bss           0x06043700       0xe0 main.o
 .bss           0x060437e0       0x10 C:/Saturn~1/SH_COFF/sh-coff/bin/../lib/gcc/sh-coff/3.4-GNUSH_v0501/m2\libgcc.a(__main.o)
 .bss           0x060437f0       0x10 C:/Saturn~1/SH_COFF/sh-coff/bin/../lib/gcc/sh-coff/3.4-GNUSH_v0501/../../../../sh-coff/lib/m2\libc.a(atexit.o)
 .bss           0x06043800       0x40 C:/Saturn~1/SH_COFF/sh-coff/bin/../lib/gcc/sh-coff/3.4-GNUSH_v0501/../../../../sh-coff/lib/m2\libc.a(mallocr.o)
                0x06043830                __malloc_top_pad
                0x06043800                __malloc_current_mallinfo
                0x0604382c                __malloc_max_sbrked_mem
                0x06043828                __malloc_max_total_mem
 .bss           0x06043840       0x10 C:/Saturn~1/SH_COFF/sh-coff/bin/../lib/gcc/sh-coff/3.4-GNUSH_v0501/../../../../sh-coff/lib/m2\libc.a(syscalls.o)
 *(COMMON)
 COMMON         0x06043850        0x4 C:/Saturn~1/SH_COFF/sh-coff/bin/../lib/gcc/sh-coff/3.4-GNUSH_v0501/../../../../sh-coff/lib/m2\libc.a(syscalls.o)
                                  0x0 (size before relaxing)
                0x06043850                errno
                0x06043854                __bend = .
                0x06043854                _end = .
LOAD C:/SaturnOrbit/SGL_302j/lib_coff/sglarea.o
LOAD main.o
LOAD sprite.o
LOAD polygon.o
LOAD C:/SaturnOrbit/SGL_302j/lib_coff\libsgl.a
LOAD C:/Saturn~1/SH_COFF/sh-coff/bin/../lib/gcc/sh-coff/3.4-GNUSH_v0501/m2\libgcc.a
LOAD C:/Saturn~1/SH_COFF/sh-coff/bin/../lib/gcc/sh-coff/3.4-GNUSH_v0501/../../../../sh-coff/lib/m2\libc.a
LOAD C:/Saturn~1/SH_COFF/sh-coff/bin/../lib/gcc/sh-coff/3.4-GNUSH_v0501/m2\libgcc.a
OUTPUT(sl_coff.coff coff-sh)

.comment        0x06043860      0x300
 .comment       0x06043860       0x20 main.o
 .comment       0x06043880       0x20 sprite.o
 .comment       0x060438a0       0x20 polygon.o
 .comment       0x060438c0       0x20 C:/Saturn~1/SH_COFF/sh-coff/bin/../lib/gcc/sh-coff/3.4-GNUSH_v0501/m2\libgcc.a(_si_to_df.o)
 .comment       0x060438e0       0x20 C:/Saturn~1/SH_COFF/sh-coff/bin/../lib/gcc/sh-coff/3.4-GNUSH_v0501/m2\libgcc.a(_mul_df.o)
 .comment       0x06043900       0x20 C:/Saturn~1/SH_COFF/sh-coff/bin/../lib/gcc/sh-coff/3.4-GNUSH_v0501/m2\libgcc.a(_div_df.o)
 .comment       0x06043920       0x20 C:/Saturn~1/SH_COFF/sh-coff/bin/../lib/gcc/sh-coff/3.4-GNUSH_v0501/m2\libgcc.a(_df_to_si.o)
 .comment       0x06043940       0x20 C:/Saturn~1/SH_COFF/sh-coff/bin/../lib/gcc/sh-coff/3.4-GNUSH_v0501/m2\libgcc.a(__main.o)
 .comment       0x06043960       0x20 C:/Saturn~1/SH_COFF/sh-coff/bin/../lib/gcc/sh-coff/3.4-GNUSH_v0501/m2\libgcc.a(_pack_df.o)
 .comment       0x06043980       0x20 C:/Saturn~1/SH_COFF/sh-coff/bin/../lib/gcc/sh-coff/3.4-GNUSH_v0501/m2\libgcc.a(_unpack_df.o)
 .comment       0x060439a0       0x20 C:/Saturn~1/SH_COFF/sh-coff/bin/../lib/gcc/sh-coff/3.4-GNUSH_v0501/m2\libgcc.a(_thenan_df.o)
 .comment       0x060439c0       0x20 C:/Saturn~1/SH_COFF/sh-coff/bin/../lib/gcc/sh-coff/3.4-GNUSH_v0501/m2\libgcc.a(_lshrdi3.o)
 .comment       0x060439e0       0x20 C:/Saturn~1/SH_COFF/sh-coff/bin/../lib/gcc/sh-coff/3.4-GNUSH_v0501/m2\libgcc.a(_ashldi3.o)
 .comment       0x06043a00       0x20 C:/Saturn~1/SH_COFF/sh-coff/bin/../lib/gcc/sh-coff/3.4-GNUSH_v0501/../../../../sh-coff/lib/m2\libc.a(atexit.o)
 .comment       0x06043a20       0x20 C:/Saturn~1/SH_COFF/sh-coff/bin/../lib/gcc/sh-coff/3.4-GNUSH_v0501/../../../../sh-coff/lib/m2\libc.a(impure.o)
 .comment       0x06043a40       0x20 C:/Saturn~1/SH_COFF/sh-coff/bin/../lib/gcc/sh-coff/3.4-GNUSH_v0501/../../../../sh-coff/lib/m2\libc.a(malloc.o)
 .comment       0x06043a60       0x20 C:/Saturn~1/SH_COFF/sh-coff/bin/../lib/gcc/sh-coff/3.4-GNUSH_v0501/../../../../sh-coff/lib/m2\libc.a(mallocr.o)
 .comment       0x06043a80       0x20 C:/Saturn~1/SH_COFF/sh-coff/bin/../lib/gcc/sh-coff/3.4-GNUSH_v0501/../../../../sh-coff/lib/m2\libc.a(freer.o)
 .comment       0x06043aa0       0x20 C:/Saturn~1/SH_COFF/sh-coff/bin/../lib/gcc/sh-coff/3.4-GNUSH_v0501/../../../../sh-coff/lib/m2\libc.a(mlock.o)
 .comment       0x06043ac0       0x20 C:/Saturn~1/SH_COFF/sh-coff/bin/../lib/gcc/sh-coff/3.4-GNUSH_v0501/../../../../sh-coff/lib/m2\libc.a(sbrkr.o)
 .comment       0x06043ae0       0x20 C:/Saturn~1/SH_COFF/sh-coff/bin/../lib/gcc/sh-coff/3.4-GNUSH_v0501/../../../../sh-coff/lib/m2\libc.a(syscalls.o)
 .comment       0x06043b00       0x20 C:/Saturn~1/SH_COFF/sh-coff/bin/../lib/gcc/sh-coff/3.4-GNUSH_v0501/../../../../sh-coff/lib/m2\libc.a(abort.o)
 .comment       0x06043b20       0x20 C:/Saturn~1/SH_COFF/sh-coff/bin/../lib/gcc/sh-coff/3.4-GNUSH_v0501/../../../../sh-coff/lib/m2\libc.a(signal.o)
 .comment       0x06043b40       0x20 C:/Saturn~1/SH_COFF/sh-coff/bin/../lib/gcc/sh-coff/3.4-GNUSH_v0501/../../../../sh-coff/lib/m2\libc.a(signalr.o)
