Archive member included because of file (symbol)

C:/SaturnOrbit/SGL_302j/lib_coff\libsgl.a(sglA21.o)
                              main.o (slPushMatrix)
C:/SaturnOrbit/SGL_302j/lib_coff\libsgl.a(sglA27.o)
                              main.o (slTranslate)
C:/SaturnOrbit/SGL_302j/lib_coff\libsgl.a(sglA19.o)
                              main.o (slRotX)
C:/SaturnOrbit/SGL_302j/lib_coff\libsgl.a(sglA18.o)
                              main.o (slRotY)
C:/SaturnOrbit/SGL_302j/lib_coff\libsgl.a(sglA17.o)
                              main.o (slRotZ)
C:/SaturnOrbit/SGL_302j/lib_coff\libsgl.a(sglC08.o)
                              main.o (slPutPolygon)
C:/SaturnOrbit/SGL_302j/lib_coff\libsgl.a(sglA28.o)
                              main.o (slScale)
C:/SaturnOrbit/SGL_302j/lib_coff\libsgl.a(sglF00.o)
                              main.o (slLocate)
C:/SaturnOrbit/SGL_302j/lib_coff\libsgl.a(sglF05.o)
                              main.o (slPrint)
C:/SaturnOrbit/SGL_302j/lib_coff\libsgl.a(sglH00.o)
                              main.o (Smpc_Peripheral)
C:/SaturnOrbit/SGL_302j/lib_coff\libsgl.a(sglI01.o)
                              main.o (slSynch)
C:/SaturnOrbit/SGL_302j/lib_coff\libsgl.a(sglB002.o)
                              main.o (slColRAMMode)
C:/SaturnOrbit/SGL_302j/lib_coff\libsgl.a(sglB056.o)
                              main.o (slPlaneNbg1)
C:/SaturnOrbit/SGL_302j/lib_coff\libsgl.a(sglB200.o)
                              main.o (slCharNbg1)
C:/SaturnOrbit/SGL_302j/lib_coff\libsgl.a(sglB032.o)
                              main.o (slMapNbg1)
C:/SaturnOrbit/SGL_302j/lib_coff\libsgl.a(sglB071.o)
                              main.o (slScrPosNbg1)
C:/SaturnOrbit/SGL_302j/lib_coff\libsgl.a(sglB053.o)
                              main.o (slZoomNbg1)
C:/SaturnOrbit/SGL_302j/lib_coff\libsgl.a(sglB015.o)
                              main.o (slScrAutoDisp)
C:/SaturnOrbit/SGL_302j/lib_coff\libsgl.a(sglF03.o)
                              main.o (slPrintFX)
C:/SaturnOrbit/SGL_302j/lib_coff\libsgl.a(sglF11.o)
                              main.o (slAng2FX)
C:/SaturnOrbit/SGL_302j/lib_coff\libsgl.a(sglA20.o)
                              main.o (slUnitMatrix)
C:/SaturnOrbit/SGL_302j/lib_coff\libsgl.a(sglA16.o)
                              main.o (slLookAt)
C:/SaturnOrbit/SGL_302j/lib_coff\libsgl.a(sglA01.o)
                              main.o (slSin)
C:/SaturnOrbit/SGL_302j/lib_coff\libsgl.a(sglA06.o)
                              main.o (slMulFX)
C:/SaturnOrbit/SGL_302j/lib_coff\libsgl.a(sglIc0.o)
                              main.o (slInitSystem)
C:/SaturnOrbit/SGL_302j/lib_coff\libsgl.a(sglB001.o)
                              main.o (slTVOn)
C:/SaturnOrbit/SGL_302j/lib_coff\libsgl.a(sglD00.o)
                              main.o (slDMACopy)
C:/SaturnOrbit/SGL_302j/lib_coff\libsgl.a(sglB016.o)
                              main.o (slBack1ColSet)
C:/SaturnOrbit/SGL_302j/lib_coff\libsgl.a(sglJ02.o)
                              C:/SaturnOrbit/SGL_302j/lib_coff\libsgl.a(sglC08.o) (SetTexture)
C:/SaturnOrbit/SGL_302j/lib_coff\libsgl.a(sglM01.o)
                              C:/SaturnOrbit/SGL_302j/lib_coff\libsgl.a(sglC08.o) (DepthWorkArea)
C:/SaturnOrbit/SGL_302j/lib_coff\libsgl.a(sglH02.o)
                              C:/SaturnOrbit/SGL_302j/lib_coff\libsgl.a(sglH00.o) (smpc_pfr_tbl)
C:/SaturnOrbit/SGL_302j/lib_coff\libsgl.a(sglH04.o)
                              C:/SaturnOrbit/SGL_302j/lib_coff\libsgl.a(sglH00.o) (slComPrmIntBack)
C:/SaturnOrbit/SGL_302j/lib_coff\libsgl.a(sglB035.o)
                              C:/SaturnOrbit/SGL_302j/lib_coff\libsgl.a(sglB200.o) (rbank_set)
C:/SaturnOrbit/SGL_302j/lib_coff\libsgl.a(sglA10.o)
                              C:/SaturnOrbit/SGL_302j/lib_coff\libsgl.a(sglA16.o) (slSquartDbl)
C:/SaturnOrbit/SGL_302j/lib_coff\libsgl.a(sglA00.o)
                              C:/SaturnOrbit/SGL_302j/lib_coff\libsgl.a(sglIc0.o) (_builtin_set_imask)
C:/SaturnOrbit/SGL_302j/lib_coff\libsgl.a(sglK01.o)
                              C:/SaturnOrbit/SGL_302j/lib_coff\libsgl.a(sglIc0.o) (SynchCount)
C:/SaturnOrbit/SGL_302j/lib_coff\libsgl.a(sglJ00.o)
                              C:/SaturnOrbit/SGL_302j/lib_coff\libsgl.a(sglIc0.o) (InitSlaveSH)
C:/SaturnOrbit/SGL_302j/lib_coff\libsgl.a(sglB000.o)
                              C:/SaturnOrbit/SGL_302j/lib_coff\libsgl.a(sglIc0.o) (slInitScroll)
C:/SaturnOrbit/SGL_302j/lib_coff\libsgl.a(sglJ01.o)
                              C:/SaturnOrbit/SGL_302j/lib_coff\libsgl.a(sglIc0.o) (SlaveControl)
C:/SaturnOrbit/SGL_302j/lib_coff\libsgl.a(sglI00.o)
                              C:/SaturnOrbit/SGL_302j/lib_coff\libsgl.a(sglIc0.o) (slInitInterrupt)
C:/SaturnOrbit/SGL_302j/lib_coff\libsgl.a(sglC00.o)
                              C:/SaturnOrbit/SGL_302j/lib_coff\libsgl.a(sglIc0.o) (slInitSprite)
C:/SaturnOrbit/SGL_302j/lib_coff\libsgl.a(sglJ03.o)
                              C:/SaturnOrbit/SGL_302j/lib_coff\libsgl.a(sglJ01.o) (sbMakeDMATable)
C:/SaturnOrbit/SGL_302j/lib_coff\libsgl.a(sglJ04.o)
                              C:/SaturnOrbit/SGL_302j/lib_coff\libsgl.a(sglJ01.o) (sbMakeSprite)
C:/SaturnOrbit/SGL_302j/lib_coff\libsgl.a(sglJ05.o)
                              C:/SaturnOrbit/SGL_302j/lib_coff\libsgl.a(sglJ01.o) (sbSortEntry)
C:/SaturnOrbit/SGL_302j/lib_coff\libsgl.a(sglH03.o)
                              C:/SaturnOrbit/SGL_302j/lib_coff\libsgl.a(sglI00.o) (slSmpcIntBack)
C:/Saturn~1/SH_COFF/sh-coff/bin/../lib/gcc/sh-coff/3.4-GNUSH_v0501/m2\libgcc.a(_si_to_df.o)
                              main.o (__floatsidf)
C:/Saturn~1/SH_COFF/sh-coff/bin/../lib/gcc/sh-coff/3.4-GNUSH_v0501/m2\libgcc.a(_mul_df.o)
                              main.o (__muldf3)
C:/Saturn~1/SH_COFF/sh-coff/bin/../lib/gcc/sh-coff/3.4-GNUSH_v0501/m2\libgcc.a(_div_df.o)
                              main.o (__divdf3)
C:/Saturn~1/SH_COFF/sh-coff/bin/../lib/gcc/sh-coff/3.4-GNUSH_v0501/m2\libgcc.a(_df_to_si.o)
                              main.o (__fixdfsi)
C:/Saturn~1/SH_COFF/sh-coff/bin/../lib/gcc/sh-coff/3.4-GNUSH_v0501/m2\libgcc.a(_ashiftrt.o)
                              main.o (__ashiftrt_r4_8)
C:/Saturn~1/SH_COFF/sh-coff/bin/../lib/gcc/sh-coff/3.4-GNUSH_v0501/m2\libgcc.a(_ashiftrt_n.o)
                              main.o (__ashrsi3)
C:/Saturn~1/SH_COFF/sh-coff/bin/../lib/gcc/sh-coff/3.4-GNUSH_v0501/m2\libgcc.a(__main.o)
                              main.o (__main)
C:/Saturn~1/SH_COFF/sh-coff/bin/../lib/gcc/sh-coff/3.4-GNUSH_v0501/m2\libgcc.a(_pack_df.o)
                              C:/Saturn~1/SH_COFF/sh-coff/bin/../lib/gcc/sh-coff/3.4-GNUSH_v0501/m2\libgcc.a(_si_to_df.o) (__pack_d)
C:/Saturn~1/SH_COFF/sh-coff/bin/../lib/gcc/sh-coff/3.4-GNUSH_v0501/m2\libgcc.a(_unpack_df.o)
                              C:/Saturn~1/SH_COFF/sh-coff/bin/../lib/gcc/sh-coff/3.4-GNUSH_v0501/m2\libgcc.a(_mul_df.o) (__unpack_d)
C:/Saturn~1/SH_COFF/sh-coff/bin/../lib/gcc/sh-coff/3.4-GNUSH_v0501/m2\libgcc.a(_thenan_df.o)
                              C:/Saturn~1/SH_COFF/sh-coff/bin/../lib/gcc/sh-coff/3.4-GNUSH_v0501/m2\libgcc.a(_mul_df.o) (__thenan_df)
C:/Saturn~1/SH_COFF/sh-coff/bin/../lib/gcc/sh-coff/3.4-GNUSH_v0501/m2\libgcc.a(_lshrdi3.o)
                              C:/Saturn~1/SH_COFF/sh-coff/bin/../lib/gcc/sh-coff/3.4-GNUSH_v0501/m2\libgcc.a(_df_to_si.o) (__lshrdi3)
C:/Saturn~1/SH_COFF/sh-coff/bin/../lib/gcc/sh-coff/3.4-GNUSH_v0501/m2\libgcc.a(_ashldi3.o)
                              C:/Saturn~1/SH_COFF/sh-coff/bin/../lib/gcc/sh-coff/3.4-GNUSH_v0501/m2\libgcc.a(_pack_df.o) (__ashldi3)
C:/Saturn~1/SH_COFF/sh-coff/bin/../lib/gcc/sh-coff/3.4-GNUSH_v0501/m2\libgcc.a(_ashiftlt.o)
                              C:/Saturn~1/SH_COFF/sh-coff/bin/../lib/gcc/sh-coff/3.4-GNUSH_v0501/m2\libgcc.a(_lshrdi3.o) (__ashlsi3)
C:/Saturn~1/SH_COFF/sh-coff/bin/../lib/gcc/sh-coff/3.4-GNUSH_v0501/m2\libgcc.a(_lshiftrt.o)
                              C:/Saturn~1/SH_COFF/sh-coff/bin/../lib/gcc/sh-coff/3.4-GNUSH_v0501/m2\libgcc.a(_lshrdi3.o) (__lshrsi3)
C:/Saturn~1/SH_COFF/sh-coff/bin/../lib/gcc/sh-coff/3.4-GNUSH_v0501/../../../../sh-coff/lib/m2\libc.a(atexit.o)
                              C:/Saturn~1/SH_COFF/sh-coff/bin/../lib/gcc/sh-coff/3.4-GNUSH_v0501/m2\libgcc.a(__main.o) (atexit)
C:/Saturn~1/SH_COFF/sh-coff/bin/../lib/gcc/sh-coff/3.4-GNUSH_v0501/../../../../sh-coff/lib/m2\libc.a(impure.o)
                              C:/Saturn~1/SH_COFF/sh-coff/bin/../lib/gcc/sh-coff/3.4-GNUSH_v0501/../../../../sh-coff/lib/m2\libc.a(atexit.o) (_impure_ptr)
C:/Saturn~1/SH_COFF/sh-coff/bin/../lib/gcc/sh-coff/3.4-GNUSH_v0501/../../../../sh-coff/lib/m2\libc.a(malloc.o)
                              C:/Saturn~1/SH_COFF/sh-coff/bin/../lib/gcc/sh-coff/3.4-GNUSH_v0501/../../../../sh-coff/lib/m2\libc.a(atexit.o) (malloc)
C:/Saturn~1/SH_COFF/sh-coff/bin/../lib/gcc/sh-coff/3.4-GNUSH_v0501/../../../../sh-coff/lib/m2\libc.a(mallocr.o)
                              C:/Saturn~1/SH_COFF/sh-coff/bin/../lib/gcc/sh-coff/3.4-GNUSH_v0501/../../../../sh-coff/lib/m2\libc.a(malloc.o) (_malloc_r)
C:/Saturn~1/SH_COFF/sh-coff/bin/../lib/gcc/sh-coff/3.4-GNUSH_v0501/../../../../sh-coff/lib/m2\libc.a(freer.o)
                              C:/Saturn~1/SH_COFF/sh-coff/bin/../lib/gcc/sh-coff/3.4-GNUSH_v0501/../../../../sh-coff/lib/m2\libc.a(malloc.o) (_free_r)
C:/Saturn~1/SH_COFF/sh-coff/bin/../lib/gcc/sh-coff/3.4-GNUSH_v0501/../../../../sh-coff/lib/m2\libc.a(mlock.o)
                              C:/Saturn~1/SH_COFF/sh-coff/bin/../lib/gcc/sh-coff/3.4-GNUSH_v0501/../../../../sh-coff/lib/m2\libc.a(mallocr.o) (__malloc_lock)
C:/Saturn~1/SH_COFF/sh-coff/bin/../lib/gcc/sh-coff/3.4-GNUSH_v0501/../../../../sh-coff/lib/m2\libc.a(sbrkr.o)
                              C:/Saturn~1/SH_COFF/sh-coff/bin/../lib/gcc/sh-coff/3.4-GNUSH_v0501/../../../../sh-coff/lib/m2\libc.a(mallocr.o) (_sbrk_r)
C:/Saturn~1/SH_COFF/sh-coff/bin/../lib/gcc/sh-coff/3.4-GNUSH_v0501/../../../../sh-coff/lib/m2\libc.a(syscalls.o)
                              C:/Saturn~1/SH_COFF/sh-coff/bin/../lib/gcc/sh-coff/3.4-GNUSH_v0501/../../../../sh-coff/lib/m2\libc.a(sbrkr.o) (_sbrk)
C:/Saturn~1/SH_COFF/sh-coff/bin/../lib/gcc/sh-coff/3.4-GNUSH_v0501/../../../../sh-coff/lib/m2\libc.a(trap.o)
                              C:/Saturn~1/SH_COFF/sh-coff/bin/../lib/gcc/sh-coff/3.4-GNUSH_v0501/../../../../sh-coff/lib/m2\libc.a(syscalls.o) (__trap34)
C:/Saturn~1/SH_COFF/sh-coff/bin/../lib/gcc/sh-coff/3.4-GNUSH_v0501/../../../../sh-coff/lib/m2\libc.a(abort.o)
                              C:/Saturn~1/SH_COFF/sh-coff/bin/../lib/gcc/sh-coff/3.4-GNUSH_v0501/../../../../sh-coff/lib/m2\libc.a(syscalls.o) (abort)
C:/Saturn~1/SH_COFF/sh-coff/bin/../lib/gcc/sh-coff/3.4-GNUSH_v0501/../../../../sh-coff/lib/m2\libc.a(signal.o)
                              C:/Saturn~1/SH_COFF/sh-coff/bin/../lib/gcc/sh-coff/3.4-GNUSH_v0501/../../../../sh-coff/lib/m2\libc.a(abort.o) (raise)
C:/Saturn~1/SH_COFF/sh-coff/bin/../lib/gcc/sh-coff/3.4-GNUSH_v0501/../../../../sh-coff/lib/m2\libc.a(signalr.o)
                              C:/Saturn~1/SH_COFF/sh-coff/bin/../lib/gcc/sh-coff/3.4-GNUSH_v0501/../../../../sh-coff/lib/m2\libc.a(signal.o) (_kill_r)
C:/Saturn~1/SH_COFF/sh-coff/bin/../lib/gcc/sh-coff/3.4-GNUSH_v0501/m2\libgcc.a(_udivsi3.o)
                              C:/Saturn~1/SH_COFF/sh-coff/bin/../lib/gcc/sh-coff/3.4-GNUSH_v0501/../../../../sh-coff/lib/m2\libc.a(freer.o) (__udivsi3)

Allocating common symbols
Common symbol       size              file

errno               0x4               C:/Saturn~1/SH_COFF/sh-coff/bin/../lib/gcc/sh-coff/3.4-GNUSH_v0501/../../../../sh-coff/lib/m2\libc.a(syscalls.o)

Memory Configuration

Name             Origin             Length             Attributes
*default*        0x00000000         0xffffffff

Linker script and memory map

TARGET(coff-sh)

SLSTART         0x06004000       0x30
                0x06004000                ___Start = .
 *(SLSTART)
 SLSTART        0x06004000       0x28 C:/SaturnOrbit/SGL_302j/lib_coff\libsgl.a(sglI00.o)
                0x06004002                slStartSGL
                0x06004000                SGL_Start

.text           0x06004040     0x2c70
 *(.text)
 .text          0x06004040      0x940 main.o
                0x06004048                ORIGIN
                0x06004830                ss_main
                0x060043f0                PRINT_PrintCoordinates
                0x06004220                GAME_IntroScreen
                0x06004060                INTRO_DrawLogo
                0x060044c0                TEXT_ClearLayer
                0x06004300                SCRL_Setup
                0x06004550                GAME_Begin
                0x06004040                ZERO
                0x06004120                INTRO_DrawHeart
                0x06004930                main
 .text          0x06004980       0x10 sprite.o
 .text          0x06004990       0xb0 SCL_FUNC.o
                0x06004a10                Pal2CRAM
                0x060049b0                Map2VRAM
                0x06004990                Cel2VRAM
 .text          0x06004a40      0x128 C:/SaturnOrbit/SGL_302j/lib_coff\libsgl.a(sglIc0.o)
                0x06004a40                slInitSystem
 *fill*         0x06004b68        0x8 00
 .text          0x06004b70      0x110 C:/Saturn~1/SH_COFF/sh-coff/bin/../lib/gcc/sh-coff/3.4-GNUSH_v0501/m2\libgcc.a(_si_to_df.o)
                0x06004b80                __floatsidf
 .text          0x06004c80      0x2c0 C:/Saturn~1/SH_COFF/sh-coff/bin/../lib/gcc/sh-coff/3.4-GNUSH_v0501/m2\libgcc.a(_mul_df.o)
                0x06004ca0                __muldf3
 .text          0x06004f40      0x180 C:/Saturn~1/SH_COFF/sh-coff/bin/../lib/gcc/sh-coff/3.4-GNUSH_v0501/m2\libgcc.a(_div_df.o)
                0x06004f50                __divdf3
 .text          0x060050c0       0x90 C:/Saturn~1/SH_COFF/sh-coff/bin/../lib/gcc/sh-coff/3.4-GNUSH_v0501/m2\libgcc.a(_df_to_si.o)
                0x060050c0                __fixdfsi
 .text          0x06005150       0x60 C:/Saturn~1/SH_COFF/sh-coff/bin/../lib/gcc/sh-coff/3.4-GNUSH_v0501/m2\libgcc.a(_ashiftrt.o)
                0x0600515c                __ashiftrt_r4_27
                0x06005190                __ashiftrt_r4_6
                0x06005180                __ashiftrt_r4_14
                0x06005172                __ashiftrt_r4_19
                0x0600518a                __ashiftrt_r4_9
                0x0600519e                __ashiftrt_r4_0
                0x06005150                __ashiftrt_r4_31
                0x0600515e                __ashiftrt_r4_26
                0x0600516c                __ashiftrt_r4_22
                0x06005178                __ashiftrt_r4_16
                0x06005184                __ashiftrt_r4_12
                0x06005158                __ashiftrt_r4_29
                0x06005176                __ashiftrt_r4_17
                0x06005156                __ashiftrt_r4_30
                0x06005192                __ashiftrt_r4_5
                0x0600518c                __ashiftrt_r4_8
                0x06005150                __ashiftrt_r4_32
                0x06005160                __ashiftrt_r4_25
                0x06005198                __ashiftrt_r4_2
                0x06005162                __ashiftrt_r4_24
                0x0600517e                __ashiftrt_r4_15
                0x06005188                __ashiftrt_r4_10
                0x0600519a                __ashiftrt_r4_1
                0x0600515a                __ashiftrt_r4_28
                0x06005170                __ashiftrt_r4_20
                0x0600518e                __ashiftrt_r4_7
                0x06005182                __ashiftrt_r4_13
                0x06005186                __ashiftrt_r4_11
                0x06005194                __ashiftrt_r4_4
                0x0600516a                __ashiftrt_r4_23
                0x06005174                __ashiftrt_r4_18
                0x0600516e                __ashiftrt_r4_21
                0x06005196                __ashiftrt_r4_3
 .text          0x060051b0       0x80 C:/Saturn~1/SH_COFF/sh-coff/bin/../lib/gcc/sh-coff/3.4-GNUSH_v0501/m2\libgcc.a(_ashiftrt_n.o)
                0x060051b0                __ashrsi3
 .text          0x06005230       0xc0 C:/Saturn~1/SH_COFF/sh-coff/bin/../lib/gcc/sh-coff/3.4-GNUSH_v0501/m2\libgcc.a(__main.o)
                0x060052b0                __main
                0x06005230                __do_global_dtors
                0x06005270                __do_global_ctors
 .text          0x060052f0      0x270 C:/Saturn~1/SH_COFF/sh-coff/bin/../lib/gcc/sh-coff/3.4-GNUSH_v0501/m2\libgcc.a(_pack_df.o)
                0x06005310                __pack_d
 .text          0x06005560      0x160 C:/Saturn~1/SH_COFF/sh-coff/bin/../lib/gcc/sh-coff/3.4-GNUSH_v0501/m2\libgcc.a(_unpack_df.o)
                0x06005580                __unpack_d
 .text          0x060056c0       0x20 C:/Saturn~1/SH_COFF/sh-coff/bin/../lib/gcc/sh-coff/3.4-GNUSH_v0501/m2\libgcc.a(_thenan_df.o)
                0x060056c0                __thenan_df
 .text          0x060056e0       0x90 C:/Saturn~1/SH_COFF/sh-coff/bin/../lib/gcc/sh-coff/3.4-GNUSH_v0501/m2\libgcc.a(_lshrdi3.o)
                0x060056e0                __lshrdi3
 .text          0x06005770       0x90 C:/Saturn~1/SH_COFF/sh-coff/bin/../lib/gcc/sh-coff/3.4-GNUSH_v0501/m2\libgcc.a(_ashldi3.o)
                0x06005770                __ashldi3
 .text          0x06005800       0x90 C:/Saturn~1/SH_COFF/sh-coff/bin/../lib/gcc/sh-coff/3.4-GNUSH_v0501/m2\libgcc.a(_ashiftlt.o)
                0x06005800                __ashlsi3
 .text          0x06005890       0x90 C:/Saturn~1/SH_COFF/sh-coff/bin/../lib/gcc/sh-coff/3.4-GNUSH_v0501/m2\libgcc.a(_lshiftrt.o)
                0x06005890                __lshrsi3
 .text          0x06005920       0xa0 C:/Saturn~1/SH_COFF/sh-coff/bin/../lib/gcc/sh-coff/3.4-GNUSH_v0501/../../../../sh-coff/lib/m2\libc.a(atexit.o)
                0x06005920                atexit
 .text          0x060059c0       0x10 C:/Saturn~1/SH_COFF/sh-coff/bin/../lib/gcc/sh-coff/3.4-GNUSH_v0501/../../../../sh-coff/lib/m2\libc.a(impure.o)
                0x060059c0                _global_impure_ptr
 .text          0x060059d0       0x40 C:/Saturn~1/SH_COFF/sh-coff/bin/../lib/gcc/sh-coff/3.4-GNUSH_v0501/../../../../sh-coff/lib/m2\libc.a(malloc.o)
                0x060059f0                free
                0x060059d0                malloc
 .text          0x06005a10      0x680 C:/Saturn~1/SH_COFF/sh-coff/bin/../lib/gcc/sh-coff/3.4-GNUSH_v0501/../../../../sh-coff/lib/m2\libc.a(mallocr.o)
                0x06005a10                _malloc_r
 .text          0x06006090      0x3b0 C:/Saturn~1/SH_COFF/sh-coff/bin/../lib/gcc/sh-coff/3.4-GNUSH_v0501/../../../../sh-coff/lib/m2\libc.a(freer.o)
                0x06006090                _malloc_trim_r
                0x06006190                _free_r
 .text          0x06006440       0x20 C:/Saturn~1/SH_COFF/sh-coff/bin/../lib/gcc/sh-coff/3.4-GNUSH_v0501/../../../../sh-coff/lib/m2\libc.a(mlock.o)
                0x06006440                __malloc_lock
                0x06006450                __malloc_unlock
 .text          0x06006460       0x50 C:/Saturn~1/SH_COFF/sh-coff/bin/../lib/gcc/sh-coff/3.4-GNUSH_v0501/../../../../sh-coff/lib/m2\libc.a(sbrkr.o)
                0x06006460                _sbrk_r
 .text          0x060064b0      0x430 C:/Saturn~1/SH_COFF/sh-coff/bin/../lib/gcc/sh-coff/3.4-GNUSH_v0501/../../../../sh-coff/lib/m2\libc.a(syscalls.o)
                0x06006660                _exit
                0x060066a0                _getpid
                0x06006720                _utime
                0x060064f0                _write
                0x060064b0                _read
                0x06006640                _unlink
                0x06006600                _open
                0x060066c0                _stat
                0x06006650                isatty
                0x06006760                _wait
                0x06006680                _kill
                0x060066e0                _chmod
                0x060067a0                _execv
                0x06006780                _execve
                0x060068a0                __setup_argv_and_call_main
                0x060067f0                _gettimeofday
                0x06006530                _link
                0x060066b0                _raise
                0x06006620                _creat
                0x060067c0                _pipe
                0x06006700                _chown
                0x060064d0                _lseek
                0x06006510                _close
                0x060067e0                _times
                0x060065e0                _fstat
                0x06006740                _fork
                0x06006560                _sbrk
 .text          0x060068e0       0x20 C:/Saturn~1/SH_COFF/sh-coff/bin/../lib/gcc/sh-coff/3.4-GNUSH_v0501/../../../../sh-coff/lib/m2\libc.a(trap.o)
                0x060068e0                __trap34
 .text          0x06006900       0x20 C:/Saturn~1/SH_COFF/sh-coff/bin/../lib/gcc/sh-coff/3.4-GNUSH_v0501/../../../../sh-coff/lib/m2\libc.a(abort.o)
                0x06006900                abort
 .text          0x06006920      0x2c0 C:/Saturn~1/SH_COFF/sh-coff/bin/../lib/gcc/sh-coff/3.4-GNUSH_v0501/../../../../sh-coff/lib/m2\libc.a(signal.o)
                0x06006a00                _raise_r
                0x06006bc0                __sigtramp
                0x06006b60                raise
                0x06006ba0                _init_signal
                0x06006ae0                __sigtramp_r
                0x06006b80                signal
                0x06006970                _signal_r
                0x06006920                _init_signal_r
 .text          0x06006be0       0x60 C:/Saturn~1/SH_COFF/sh-coff/bin/../lib/gcc/sh-coff/3.4-GNUSH_v0501/../../../../sh-coff/lib/m2\libc.a(signalr.o)
                0x06006c30                _getpid_r
                0x06006be0                _kill_r
 .text          0x06006c40       0x70 C:/Saturn~1/SH_COFF/sh-coff/bin/../lib/gcc/sh-coff/3.4-GNUSH_v0501/m2\libgcc.a(_udivsi3.o)
                0x06006c62                __udivsi3
 *(.strings)
                0x06006cb0                __etext = .

.rodata
 *(.rodata)

SLPROG          0x06006cc0    0x11540
                0x06006cc0                __slprog_start = .
 *(SLPROG)
 SLPROG         0x06006cc0     0x6540 C:/SaturnOrbit/SGL_302j/lib_coff/sglarea.o
                0x06006cdc                SpriteBuf
                0x06006d00                RemainEvent
                0x06006ccc                SortList
                0x06006cca                MaxPolygons
                0x06006ce8                CommandBuf
                0x06006cfc                MaxWorks
                0x06006cfe                WorkSize
                0x06006cf4                PCM_WkSize
                0x06006cec                CLOfstBuf
                0x06006e00                RemainWork
                0x06006cf0                PCM_Work
                0x06006cc0                MasterStack
                0x06006cc4                SlaveStack
                0x06006cc8                MaxVertices
                0x06006cf8                MaxEvents
                0x06006cd8                Zbuffer
                0x06006ce0                SpriteBufSize
                0x06009200                WorkBuf
                0x06006cd4                TransList
                0x06006ce4                Pbuffer
                0x06006cd0                SortListSize
                0x06006cfa                EventSize
                0x06007200                EventBuf
 SLPROG         0x0600d200       0x48 C:/SaturnOrbit/SGL_302j/lib_coff\libsgl.a(sglA21.o)
                0x0600d234                slPopMatrix
                0x0600d200                slPushMatrix
                0x0600d234                slDecMatrixPtr
 *fill*         0x0600d248        0x8 00
 SLPROG         0x0600d250       0x50 C:/SaturnOrbit/SGL_302j/lib_coff\libsgl.a(sglA27.o)
                0x0600d250                slTranslate
 SLPROG         0x0600d2a0       0x78 C:/SaturnOrbit/SGL_302j/lib_coff\libsgl.a(sglA19.o)
                0x0600d2a0                slRotX
                0x0600d2aa                slRotXSC
 *fill*         0x0600d318        0x8 00
 SLPROG         0x0600d320       0x78 C:/SaturnOrbit/SGL_302j/lib_coff\libsgl.a(sglA18.o)
                0x0600d32a                slRotYSC
                0x0600d320                slRotY
 *fill*         0x0600d398        0x8 00
 SLPROG         0x0600d3a0       0x78 C:/SaturnOrbit/SGL_302j/lib_coff\libsgl.a(sglA17.o)
                0x0600d3aa                slRotZSC
                0x0600d3a0                slRotZ
 *fill*         0x0600d418        0x8 00
 SLPROG         0x0600d420     0x1218 C:/SaturnOrbit/SGL_302j/lib_coff\libsgl.a(sglC08.o)
                0x0600d420                slPutPolygon
                0x0600e09c                MsCalcDepthFlat
 *fill*         0x0600e638        0x8 00
 SLPROG         0x0600e640       0x70 C:/SaturnOrbit/SGL_302j/lib_coff\libsgl.a(sglA28.o)
                0x0600e640                slScale
 SLPROG         0x0600e6b0       0x4e C:/SaturnOrbit/SGL_302j/lib_coff\libsgl.a(sglF00.o)
                0x0600e6ca                slLocate
                0x0600e6c0                slCurColor
                0x0600e6fc                CurrentScreen
                0x0600e6b0                slCurScrn
 *fill*         0x0600e6fe        0x2 00
 SLPROG         0x0600e700       0x1c C:/SaturnOrbit/SGL_302j/lib_coff\libsgl.a(sglF05.o)
                0x0600e700                slPrint
 *fill*         0x0600e71c        0x4 00
 SLPROG         0x0600e720      0xfc8 C:/SaturnOrbit/SGL_302j/lib_coff\libsgl.a(sglH00.o)
                0x0600e7bc                slSetPortData1
                0x0600e7ac                slGetPortData1
                0x0600ef9a                slSetPortMode1
                0x0600f1d4                Smpc_Status
                0x0600e772                slSetPortDir2
                0x0600edb8                slSmpcCashSend
                0x0600e7d8                slGetPortSelect1
                0x0600ebbe                slIntBackCancel
                0x0600e870                slSetPortExt1
                0x0600ef80                slGetPortMode1
                0x0600ee74                slSmpcCashBlow
                0x0600f164                slRequestCommand
                0x0600f204                SmpcStatusBuf
                0x0600e7c6                slSetPortData2
                0x0600eb26                slSetResultBuffer
                0x0600e85c                slGetPortExt1
                0x0600e8a0                slSetPortExt2
                0x0600e740                slGetPortDir2
                0x0600e866                slGetPortExt2
                0x0600ebf2                slClearReset
                0x0600ebe8                slCheckReset
                0x0600e748                slSetPortDir1
                0x0600e820                slSetPortSelect2
                0x0600e7ec                slSetPortSelect1
                0x0600ef8c                slGetPortMode2
                0x0600e7e2                slGetPortSelect2
                0x0600e738                slGetPortDir1
                0x0600e7b4                slGetPortData2
                0x0600ef5a                slSetOptimize
                0x0600ef50                slGetOptimize
                0x0600ea14                slSmpcDirectAccess
                0x0600f1e2                Per_Connect1
                0x0600ea94                slInitPeripheral
                0x0600ebb2                slCheckIntBackSet
                0x0600f1e3                Per_Connect2
                0x0600f1dc                Smpc_Peripheral
                0x0600efd8                slSetPortMode2
                0x0600f1d8                Smpc_Result
 *fill*         0x0600f6e8        0x8 00
 SLPROG         0x0600f6f0      0x3a4 C:/SaturnOrbit/SGL_302j/lib_coff\libsgl.a(sglI01.o)
                0x0600f8da                RetPCMBuf
                0x0600fa14                Sound_Buf
                0x0600f6f0                slInitSynch
                0x0600f800                slRandom
                0x0600f974                PCM_Buf
                0x0600f70a                slSynch
                0x0600f81e                PCM_EndCheck
 *fill*         0x0600fa94        0xc 00
 SLPROG         0x0600faa0       0x1e C:/SaturnOrbit/SGL_302j/lib_coff\libsgl.a(sglB002.o)
                0x0600faa0                slColRAMMode
 *fill*         0x0600fabe        0x2 00
 SLPROG         0x0600fac0        0xc C:/SaturnOrbit/SGL_302j/lib_coff\libsgl.a(sglB056.o)
                0x0600fac0                slPlaneNbg1
 *fill*         0x0600facc        0x4 00
 SLPROG         0x0600fad0      0x114 C:/SaturnOrbit/SGL_302j/lib_coff\libsgl.a(sglB200.o)
                0x0600fadc                slCharNbg0
                0x0600fb22                slPageRbg0
                0x0600fb38                slPageNbg1
                0x0600fae8                slCharNbg1
                0x0600fb54                slPageNbg0
                0x0600fb40                slPageNbg2
                0x0600fb48                slPageNbg3
                0x0600faf4                slCharNbg2
                0x0600fb0a                slCharNbg3
                0x0600fad0                slCharRbg0
 *fill*         0x0600fbe4        0xc 00
 SLPROG         0x0600fbf0       0xb4 C:/SaturnOrbit/SGL_302j/lib_coff\libsgl.a(sglB032.o)
                0x0600fbf0                slMapNbg1
 *fill*         0x0600fca4        0xc 00
 SLPROG         0x0600fcb0        0xc C:/SaturnOrbit/SGL_302j/lib_coff\libsgl.a(sglB071.o)
                0x0600fcb0                slScrPosNbg1
 *fill*         0x0600fcbc        0x4 00
 SLPROG         0x0600fcc0        0xc C:/SaturnOrbit/SGL_302j/lib_coff\libsgl.a(sglB053.o)
                0x0600fcc0                slZoomNbg1
 *fill*         0x0600fccc        0x4 00
 SLPROG         0x0600fcd0      0x40c C:/SaturnOrbit/SGL_302j/lib_coff\libsgl.a(sglB015.o)
                0x0600fcd0                slScrAutoDisp
 *fill*         0x060100dc        0x4 00
 SLPROG         0x060100e0      0x12a C:/SaturnOrbit/SGL_302j/lib_coff\libsgl.a(sglF03.o)
                0x060100e0                slPrintFX
 *fill*         0x0601020a        0x6 00
 SLPROG         0x06010210       0x14 C:/SaturnOrbit/SGL_302j/lib_coff\libsgl.a(sglF11.o)
                0x06010210                slAng2FX
 *fill*         0x06010224        0xc 00
 SLPROG         0x06010230      0x42c C:/SaturnOrbit/SGL_302j/lib_coff\libsgl.a(sglA20.o)
                0x06010230                slInitMatrix
                0x0601024e                slUnitMatrix
                0x0601023a                slPushUnitMatrix
 *fill*         0x0601065c        0x4 00
 SLPROG         0x06010660       0xd0 C:/SaturnOrbit/SGL_302j/lib_coff\libsgl.a(sglA16.o)
                0x06010660                slLookAt
 SLPROG         0x06010730     0x411e C:/SaturnOrbit/SGL_302j/lib_coff\libsgl.a(sglA01.o)
                0x0601080c                sin_cos_index_tbl
                0x06010730                slSin
                0x0601084c                sin_tbl
                0x06010778                GetSinCos
                0x06010754                slCos
 *fill*         0x0601484e        0x2 00
 SLPROG         0x06014850        0xa C:/SaturnOrbit/SGL_302j/lib_coff\libsgl.a(sglA06.o)
                0x06014850                slMulFX
 *fill*         0x0601485a        0x6 00
 SLPROG         0x06014860       0x20 C:/SaturnOrbit/SGL_302j/lib_coff\libsgl.a(sglB001.o)
                0x06014860                slTVOn
                0x0601486a                slTVOff
 SLPROG         0x06014880       0x84 C:/SaturnOrbit/SGL_302j/lib_coff\libsgl.a(sglD00.o)
                0x06014880                slDMACopy
                0x06014880                slCpuDMACopy
                0x060148da                slCashPurge
                0x060148da                CSH_AllClr
 *fill*         0x06014904        0xc 00
 SLPROG         0x06014910        0xc C:/SaturnOrbit/SGL_302j/lib_coff\libsgl.a(sglB016.o)
                0x06014910                slBack1ColSet
 *fill*         0x0601491c        0x4 00
 SLPROG         0x06014920     0x12b8 C:/SaturnOrbit/SGL_302j/lib_coff\libsgl.a(sglJ02.o)
                0x06015b54                stvtc_1
                0x0601588c                stvtc_4
                0x0601584c                SetPolygon
                0x06015944                stvtc_3
                0x06015b7c                stvtc_0
                0x06015854                SetPosition
                0x06014b08                sbCalcPolygon
                0x06015840                SetTexture
                0x06014920                sbMakePolygon
                0x06015b68                stvtc_2
 *fill*         0x06015bd8        0x8 00
 SLPROG         0x06015be0       0x6a C:/SaturnOrbit/SGL_302j/lib_coff\libsgl.a(sglM01.o)
                0x06015c0c                slSetDepthTbl
                0x06015c3c                DepthWorkArea
                0x06015be0                slSetDepthLimit
 *fill*         0x06015c4a        0x6 00
 SLPROG         0x06015c50      0x470 C:/SaturnOrbit/SGL_302j/lib_coff\libsgl.a(sglH02.o)
                0x06016040                smpc_pfr_tbl
                0x06016080                smpc_ptf_tbl
 SLPROG         0x060160c0       0x60 C:/SaturnOrbit/SGL_302j/lib_coff\libsgl.a(sglH04.o)
                0x060160ea                slComPrmSetTime
                0x060160c0                slComPrmIntBack
                0x060160d4                slComPrmSetMemory
 SLPROG         0x06016120       0xd4 C:/SaturnOrbit/SGL_302j/lib_coff\libsgl.a(sglB035.o)
                0x06016120                sl1MapRA
                0x060161b2                rbank_set
 *fill*         0x060161f4        0xc 00
 SLPROG         0x06016200       0x34 C:/SaturnOrbit/SGL_302j/lib_coff\libsgl.a(sglA10.o)
                0x06016200                slSquartDbl
 *fill*         0x06016234        0xc 00
 SLPROG         0x06016240       0x20 C:/SaturnOrbit/SGL_302j/lib_coff\libsgl.a(sglA00.o)
                0x06016254                get_imask
                0x06016240                set_imask
                0x06016240                _builtin_set_imask
                0x06016254                _builtin_get_imask
 SLPROG         0x06016260       0x74 C:/SaturnOrbit/SGL_302j/lib_coff\libsgl.a(sglJ00.o)
                0x06016260                InitSlaveSH
                0x060162c8                SlaveCommand
 *fill*         0x060162d4        0xc 00
 SLPROG         0x060162e0      0xbd0 C:/SaturnOrbit/SGL_302j/lib_coff\libsgl.a(sglB000.o)
                0x060162e0                slInitScroll
                0x06016540                TVSizeTbl
                0x06016430                setASC_4to8
                0x060165c0                TVModeTbl
                0x06016400                setASC_1to8
                0x06016798                SGL_ASCII_CG
 SLPROG         0x06016eb0      0x3d0 C:/SaturnOrbit/SGL_302j/lib_coff\libsgl.a(sglJ01.o)
                0x06016eb0                SlaveControl
                0x0601726c                ErasePolygonData
 SLPROG         0x06017280      0x75c C:/SaturnOrbit/SGL_302j/lib_coff\libsgl.a(sglI00.o)
                0x06017570                slInitInterrupt
 *fill*         0x060179dc        0x4 00
 SLPROG         0x060179e0      0x134 C:/SaturnOrbit/SGL_302j/lib_coff\libsgl.a(sglC00.o)
                0x060179e0                slInitSprite
 *fill*         0x06017b14        0xc 00
 SLPROG         0x06017b20      0x140 C:/SaturnOrbit/SGL_302j/lib_coff\libsgl.a(sglJ03.o)
                0x06017b20                sbMakeDMATable
 SLPROG         0x06017c60      0x470 C:/SaturnOrbit/SGL_302j/lib_coff\libsgl.a(sglJ04.o)
                0x06017d24                sbMakeRotSprite
                0x06017cbe                sbMakeSprite
 SLPROG         0x060180d0       0x3c C:/SaturnOrbit/SGL_302j/lib_coff\libsgl.a(sglJ05.o)
                0x060180d0                sbSortEntry
 *fill*         0x0601810c        0x4 00
 SLPROG         0x06018110       0xf0 C:/SaturnOrbit/SGL_302j/lib_coff\libsgl.a(sglH03.o)
                0x06018174                slSmpcIntBack
                0x06018200                __slprog_end = .

.tors           0x06018200        0x0
                0x06018200                ___ctors = .
 *(.ctors)
                0x06018200                ___ctors_end = .
                0x06018200                ___dtors = .
 *(.dtors)
                0x06018200                ___dtors_end = .

.data           0x06018200    0x3b3e0
 *(.data)
 .data          0x06018200       0x30 main.o
                0x06018200                attr
                0x0601820c                pos
 .data          0x06018230    0x2a0b0 sprite.o
                0x06018230                sprites
                0x060282e0                texture_overwatch001
                0x060182a0                pic_overwatch
                0x060202e0                texture_overwatch002
                0x060182e0                texture_overwatch003
                0x060182c0                tex_overwatch
                0x060302e0                texture_overwatch000
 .data          0x060422e0     0x19f0 polygon.o
                0x060422f4                attribute_SPR_HEART
                0x06043334                attribute_ARROW
                0x0604280c                object_JAR
                0x06042314                point_SPR_HEART
                0x06042344                PD_PLANE1
                0x06042300                polygon_SPR_HEART
                0x06043b94                xpdata_Model00
                0x06043674                point_ARROW
                0x060426ec                point_WALLS
                0x06042f90                point_JAR
                0x060432f0                object_ARROW
                0x06042b08                polygon_JAR
                0x060438f8                polygon_Heart
                0x06043c6c                point_Model00
                0x06043bf4                polygon_Model00
                0x06042358                attribute_PLANE1
                0x0604331c                xpdata_ARROW
                0x06043b68                object_Model00
                0x06042378                point_PLANE1
                0x06042364                polygon_PLANE1
                0x0604346c                polygon_ARROW
                0x06042850                attribute_JAR
                0x06043808                xpdata_Heart
                0x06043820                attribute_Heart
                0x060437dc                object_Heart
                0x06043a60                point_Heart
                0x0604250c                polygon_WALLS
                0x06043bac                attribute_Model00
                0x060422e0                PD_SPR_HEART
                0x060423d4                xpdata_WALLS
                0x060423ec                attribute_WALLS
                0x060423a8                object_WALLS
                0x06042838                xpdata_JAR
 .data          0x06043cd0     0xf100 map.o
                0x06043cd0                pal_fedora
                0x06043ed0                map_fedora
                0x060446d0                cel_fedora
 .data          0x06052dd0       0x80 C:/SaturnOrbit/SGL_302j/lib_coff\libsgl.a(sglIc0.o)
                0x06052dd0                IntPrioMask
 .data          0x06052e50      0x380 C:/Saturn~1/SH_COFF/sh-coff/bin/../lib/gcc/sh-coff/3.4-GNUSH_v0501/../../../../sh-coff/lib/m2\libc.a(impure.o)
                0x060531cc                _impure_ptr
 .data          0x060531d0      0x410 C:/Saturn~1/SH_COFF/sh-coff/bin/../lib/gcc/sh-coff/3.4-GNUSH_v0501/../../../../sh-coff/lib/m2\libc.a(mallocr.o)
                0x060531d8                __malloc_av_
                0x060531d4                __malloc_trim_threshold
                0x060531d0                __malloc_sbrk_base
                0x060535e0                __edata = .

.bss            0x060535e0      0x194
                0x060535e0                __bstart = .
 *(.bss)
 .bss           0x060535e0      0x120 main.o
 .bss           0x06053700       0x10 C:/Saturn~1/SH_COFF/sh-coff/bin/../lib/gcc/sh-coff/3.4-GNUSH_v0501/m2\libgcc.a(__main.o)
 .bss           0x06053710       0x10 C:/Saturn~1/SH_COFF/sh-coff/bin/../lib/gcc/sh-coff/3.4-GNUSH_v0501/../../../../sh-coff/lib/m2\libc.a(atexit.o)
 .bss           0x06053720       0x40 C:/Saturn~1/SH_COFF/sh-coff/bin/../lib/gcc/sh-coff/3.4-GNUSH_v0501/../../../../sh-coff/lib/m2\libc.a(mallocr.o)
                0x06053750                __malloc_top_pad
                0x06053720                __malloc_current_mallinfo
                0x0605374c                __malloc_max_sbrked_mem
                0x06053748                __malloc_max_total_mem
 .bss           0x06053760       0x10 C:/Saturn~1/SH_COFF/sh-coff/bin/../lib/gcc/sh-coff/3.4-GNUSH_v0501/../../../../sh-coff/lib/m2\libc.a(syscalls.o)
 *(COMMON)
 COMMON         0x06053770        0x4 C:/Saturn~1/SH_COFF/sh-coff/bin/../lib/gcc/sh-coff/3.4-GNUSH_v0501/../../../../sh-coff/lib/m2\libc.a(syscalls.o)
                                  0x0 (size before relaxing)
                0x06053770                errno
                0x06053774                __bend = .
                0x06053774                _end = .
LOAD C:/SaturnOrbit/SGL_302j/lib_coff/sglarea.o
LOAD main.o
LOAD sprite.o
LOAD polygon.o
LOAD map.o
LOAD SCL_FUNC.o
LOAD C:/SaturnOrbit/SGL_302j/lib_coff\libsgl.a
LOAD C:/Saturn~1/SH_COFF/sh-coff/bin/../lib/gcc/sh-coff/3.4-GNUSH_v0501/m2\libgcc.a
LOAD C:/Saturn~1/SH_COFF/sh-coff/bin/../lib/gcc/sh-coff/3.4-GNUSH_v0501/../../../../sh-coff/lib/m2\libc.a
LOAD C:/Saturn~1/SH_COFF/sh-coff/bin/../lib/gcc/sh-coff/3.4-GNUSH_v0501/m2\libgcc.a
OUTPUT(sl_coff.coff coff-sh)

.comment        0x06053780      0x340
 .comment       0x06053780       0x20 main.o
 .comment       0x060537a0       0x20 sprite.o
 .comment       0x060537c0       0x20 polygon.o
 .comment       0x060537e0       0x20 map.o
 .comment       0x06053800       0x20 SCL_FUNC.o
 .comment       0x06053820       0x20 C:/Saturn~1/SH_COFF/sh-coff/bin/../lib/gcc/sh-coff/3.4-GNUSH_v0501/m2\libgcc.a(_si_to_df.o)
 .comment       0x06053840       0x20 C:/Saturn~1/SH_COFF/sh-coff/bin/../lib/gcc/sh-coff/3.4-GNUSH_v0501/m2\libgcc.a(_mul_df.o)
 .comment       0x06053860       0x20 C:/Saturn~1/SH_COFF/sh-coff/bin/../lib/gcc/sh-coff/3.4-GNUSH_v0501/m2\libgcc.a(_div_df.o)
 .comment       0x06053880       0x20 C:/Saturn~1/SH_COFF/sh-coff/bin/../lib/gcc/sh-coff/3.4-GNUSH_v0501/m2\libgcc.a(_df_to_si.o)
 .comment       0x060538a0       0x20 C:/Saturn~1/SH_COFF/sh-coff/bin/../lib/gcc/sh-coff/3.4-GNUSH_v0501/m2\libgcc.a(__main.o)
 .comment       0x060538c0       0x20 C:/Saturn~1/SH_COFF/sh-coff/bin/../lib/gcc/sh-coff/3.4-GNUSH_v0501/m2\libgcc.a(_pack_df.o)
 .comment       0x060538e0       0x20 C:/Saturn~1/SH_COFF/sh-coff/bin/../lib/gcc/sh-coff/3.4-GNUSH_v0501/m2\libgcc.a(_unpack_df.o)
 .comment       0x06053900       0x20 C:/Saturn~1/SH_COFF/sh-coff/bin/../lib/gcc/sh-coff/3.4-GNUSH_v0501/m2\libgcc.a(_thenan_df.o)
 .comment       0x06053920       0x20 C:/Saturn~1/SH_COFF/sh-coff/bin/../lib/gcc/sh-coff/3.4-GNUSH_v0501/m2\libgcc.a(_lshrdi3.o)
 .comment       0x06053940       0x20 C:/Saturn~1/SH_COFF/sh-coff/bin/../lib/gcc/sh-coff/3.4-GNUSH_v0501/m2\libgcc.a(_ashldi3.o)
 .comment       0x06053960       0x20 C:/Saturn~1/SH_COFF/sh-coff/bin/../lib/gcc/sh-coff/3.4-GNUSH_v0501/../../../../sh-coff/lib/m2\libc.a(atexit.o)
 .comment       0x06053980       0x20 C:/Saturn~1/SH_COFF/sh-coff/bin/../lib/gcc/sh-coff/3.4-GNUSH_v0501/../../../../sh-coff/lib/m2\libc.a(impure.o)
 .comment       0x060539a0       0x20 C:/Saturn~1/SH_COFF/sh-coff/bin/../lib/gcc/sh-coff/3.4-GNUSH_v0501/../../../../sh-coff/lib/m2\libc.a(malloc.o)
 .comment       0x060539c0       0x20 C:/Saturn~1/SH_COFF/sh-coff/bin/../lib/gcc/sh-coff/3.4-GNUSH_v0501/../../../../sh-coff/lib/m2\libc.a(mallocr.o)
 .comment       0x060539e0       0x20 C:/Saturn~1/SH_COFF/sh-coff/bin/../lib/gcc/sh-coff/3.4-GNUSH_v0501/../../../../sh-coff/lib/m2\libc.a(freer.o)
 .comment       0x06053a00       0x20 C:/Saturn~1/SH_COFF/sh-coff/bin/../lib/gcc/sh-coff/3.4-GNUSH_v0501/../../../../sh-coff/lib/m2\libc.a(mlock.o)
 .comment       0x06053a20       0x20 C:/Saturn~1/SH_COFF/sh-coff/bin/../lib/gcc/sh-coff/3.4-GNUSH_v0501/../../../../sh-coff/lib/m2\libc.a(sbrkr.o)
 .comment       0x06053a40       0x20 C:/Saturn~1/SH_COFF/sh-coff/bin/../lib/gcc/sh-coff/3.4-GNUSH_v0501/../../../../sh-coff/lib/m2\libc.a(syscalls.o)
 .comment       0x06053a60       0x20 C:/Saturn~1/SH_COFF/sh-coff/bin/../lib/gcc/sh-coff/3.4-GNUSH_v0501/../../../../sh-coff/lib/m2\libc.a(abort.o)
 .comment       0x06053a80       0x20 C:/Saturn~1/SH_COFF/sh-coff/bin/../lib/gcc/sh-coff/3.4-GNUSH_v0501/../../../../sh-coff/lib/m2\libc.a(signal.o)
 .comment       0x06053aa0       0x20 C:/Saturn~1/SH_COFF/sh-coff/bin/../lib/gcc/sh-coff/3.4-GNUSH_v0501/../../../../sh-coff/lib/m2\libc.a(signalr.o)
